Component: Arm Compiler for Embedded 6.24 Tool: armlink [5f371500]

==============================================================================

Section Cross References

    main.o(.text) refers (Special) to _printf_percent.o(.ARM.Collect$$_printf_percent$$00000000) for _printf_percent
    main.o(.text) refers (Special) to _printf_pad.o(.text) for _printf_pre_padding
    main.o(.text) refers (Special) to _printf_s.o(.ARM.Collect$$_printf_percent$$00000014) for _printf_s
    main.o(.text) refers (Special) to _printf_x.o(.ARM.Collect$$_printf_percent$$0000000C) for _printf_x
    main.o(.text) refers (Special) to _printf_u.o(.ARM.Collect$$_printf_percent$$0000000A) for _printf_u
    main.o(.text) refers (Special) to _printf_dec.o(.text) for _printf_int_dec
    main.o(.text) refers (Special) to _printf_hex_int.o(.text) for _printf_longlong_hex
    main.o(.text) refers (Special) to _printf_str.o(.text) for _printf_str
    main.o(.text.SystemCoreClockSetup) refers (Special) to _printf_percent.o(.ARM.Collect$$_printf_percent$$00000000) for _printf_percent
    main.o(.text.SystemCoreClockSetup) refers (Special) to _printf_pad.o(.text) for _printf_pre_padding
    main.o(.text.SystemCoreClockSetup) refers (Special) to _printf_s.o(.ARM.Collect$$_printf_percent$$00000014) for _printf_s
    main.o(.text.SystemCoreClockSetup) refers (Special) to _printf_x.o(.ARM.Collect$$_printf_percent$$0000000C) for _printf_x
    main.o(.text.SystemCoreClockSetup) refers (Special) to _printf_u.o(.ARM.Collect$$_printf_percent$$0000000A) for _printf_u
    main.o(.text.SystemCoreClockSetup) refers (Special) to _printf_dec.o(.text) for _printf_int_dec
    main.o(.text.SystemCoreClockSetup) refers (Special) to _printf_hex_int.o(.text) for _printf_longlong_hex
    main.o(.text.SystemCoreClockSetup) refers (Special) to _printf_str.o(.text) for _printf_str
    main.o(.text.SystemCoreClockSetup) refers to xmc1_scu.o(.text.XMC_SCU_CLOCK_Init) for XMC_SCU_CLOCK_Init
    main.o(.ARM.exidx.text.SystemCoreClockSetup) refers (Special) to _printf_percent.o(.ARM.Collect$$_printf_percent$$00000000) for _printf_percent
    main.o(.ARM.exidx.text.SystemCoreClockSetup) refers (Special) to _printf_pad.o(.text) for _printf_pre_padding
    main.o(.ARM.exidx.text.SystemCoreClockSetup) refers (Special) to _printf_s.o(.ARM.Collect$$_printf_percent$$00000014) for _printf_s
    main.o(.ARM.exidx.text.SystemCoreClockSetup) refers (Special) to _printf_x.o(.ARM.Collect$$_printf_percent$$0000000C) for _printf_x
    main.o(.ARM.exidx.text.SystemCoreClockSetup) refers (Special) to _printf_u.o(.ARM.Collect$$_printf_percent$$0000000A) for _printf_u
    main.o(.ARM.exidx.text.SystemCoreClockSetup) refers (Special) to _printf_dec.o(.text) for _printf_int_dec
    main.o(.ARM.exidx.text.SystemCoreClockSetup) refers (Special) to _printf_hex_int.o(.text) for _printf_longlong_hex
    main.o(.ARM.exidx.text.SystemCoreClockSetup) refers (Special) to _printf_str.o(.text) for _printf_str
    main.o(.ARM.exidx.text.SystemCoreClockSetup) refers to main.o(.text.SystemCoreClockSetup) for [Anonymous Symbol]
    main.o(.text.XMC_AssertHandler) refers (Special) to _printf_percent.o(.ARM.Collect$$_printf_percent$$00000000) for _printf_percent
    main.o(.text.XMC_AssertHandler) refers (Special) to _printf_pad.o(.text) for _printf_pre_padding
    main.o(.text.XMC_AssertHandler) refers (Special) to _printf_s.o(.ARM.Collect$$_printf_percent$$00000014) for _printf_s
    main.o(.text.XMC_AssertHandler) refers (Special) to _printf_x.o(.ARM.Collect$$_printf_percent$$0000000C) for _printf_x
    main.o(.text.XMC_AssertHandler) refers (Special) to _printf_u.o(.ARM.Collect$$_printf_percent$$0000000A) for _printf_u
    main.o(.text.XMC_AssertHandler) refers (Special) to _printf_dec.o(.text) for _printf_int_dec
    main.o(.text.XMC_AssertHandler) refers (Special) to _printf_hex_int.o(.text) for _printf_longlong_hex
    main.o(.text.XMC_AssertHandler) refers (Special) to _printf_str.o(.text) for _printf_str
    main.o(.text.XMC_AssertHandler) refers to noretval__2printf.o(.text) for __2printf
    main.o(.text.XMC_AssertHandler) refers to led.o(.text.LED_Toggle) for LED_Toggle
    main.o(.ARM.exidx.text.XMC_AssertHandler) refers (Special) to _printf_percent.o(.ARM.Collect$$_printf_percent$$00000000) for _printf_percent
    main.o(.ARM.exidx.text.XMC_AssertHandler) refers (Special) to _printf_pad.o(.text) for _printf_pre_padding
    main.o(.ARM.exidx.text.XMC_AssertHandler) refers (Special) to _printf_s.o(.ARM.Collect$$_printf_percent$$00000014) for _printf_s
    main.o(.ARM.exidx.text.XMC_AssertHandler) refers (Special) to _printf_x.o(.ARM.Collect$$_printf_percent$$0000000C) for _printf_x
    main.o(.ARM.exidx.text.XMC_AssertHandler) refers (Special) to _printf_u.o(.ARM.Collect$$_printf_percent$$0000000A) for _printf_u
    main.o(.ARM.exidx.text.XMC_AssertHandler) refers (Special) to _printf_dec.o(.text) for _printf_int_dec
[...]
    .ARM.Collect$$_printf_percent$$00000017  0x100010b4   Section        4  _printf_percent_end.o(.ARM.Collect$$_printf_percent$$00000017)
    .ARM.Collect$$libinit$$00000000          0x100010b8   Section        2  libinit.o(.ARM.Collect$$libinit$$00000000)
    .ARM.Collect$$libinit$$00000002          0x100010ba   Section        0  libinit2.o(.ARM.Collect$$libinit$$00000002)
    .ARM.Collect$$libinit$$00000004          0x100010ba   Section        0  libinit2.o(.ARM.Collect$$libinit$$00000004)
    .ARM.Collect$$libinit$$00000006          0x100010ba   Section        0  libinit2.o(.ARM.Collect$$libinit$$00000006)
    .ARM.Collect$$libinit$$00000007          0x100010ba   Section        8  libinit2.o(.ARM.Collect$$libinit$$00000007)
    .ARM.Collect$$libinit$$0000000C          0x100010c2   Section        0  libinit2.o(.ARM.Collect$$libinit$$0000000C)
    .ARM.Collect$$libinit$$0000000E          0x100010c2   Section        0  libinit2.o(.ARM.Collect$$libinit$$0000000E)
    .ARM.Collect$$libinit$$00000010          0x100010c2   Section        0  libinit2.o(.ARM.Collect$$libinit$$00000010)
    .ARM.Collect$$libinit$$00000013          0x100010c2   Section        0  libinit2.o(.ARM.Collect$$libinit$$00000013)
    .ARM.Collect$$libinit$$00000015          0x100010c2   Section        0  libinit2.o(.ARM.Collect$$libinit$$00000015)
    .ARM.Collect$$libinit$$00000017          0x100010c2   Section        0  libinit2.o(.ARM.Collect$$libinit$$00000017)
    .ARM.Collect$$libinit$$00000019          0x100010c2   Section        0  libinit2.o(.ARM.Collect$$libinit$$00000019)
    .ARM.Collect$$libinit$$0000001B          0x100010c2   Section        0  libinit2.o(.ARM.Collect$$libinit$$0000001B)
    .ARM.Collect$$libinit$$0000001D          0x100010c2   Section        0  libinit2.o(.ARM.Collect$$libinit$$0000001D)
    .ARM.Collect$$libinit$$0000001F          0x100010c2   Section        0  libinit2.o(.ARM.Collect$$libinit$$0000001F)
    .ARM.Collect$$libinit$$00000021          0x100010c2   Section        0  libinit2.o(.ARM.Collect$$libinit$$00000021)
    .ARM.Collect$$libinit$$00000023          0x100010c2   Section        0  libinit2.o(.ARM.Collect$$libinit$$00000023)
    .ARM.Collect$$libinit$$00000025          0x100010c2   Section        0  libinit2.o(.ARM.Collect$$libinit$$00000025)
    .ARM.Collect$$libinit$$00000026          0x100010c2   Section        4  libinit2.o(.ARM.Collect$$libinit$$00000026)
    .ARM.Collect$$libinit$$00000027          0x100010c6   Section        0  libinit2.o(.ARM.Collect$$libinit$$00000027)
    .ARM.Collect$$libinit$$0000002E          0x100010c6   Section        0  libinit2.o(.ARM.Collect$$libinit$$0000002E)
    .ARM.Collect$$libinit$$00000030          0x100010c6   Section        0  libinit2.o(.ARM.Collect$$libinit$$00000030)
    .ARM.Collect$$libinit$$00000032          0x100010c6   Section        0  libinit2.o(.ARM.Collect$$libinit$$00000032)
    .ARM.Collect$$libinit$$00000034          0x100010c6   Section        0  libinit2.o(.ARM.Collect$$libinit$$00000034)
    .ARM.Collect$$libinit$$00000035          0x100010c6   Section        2  libinit2.o(.ARM.Collect$$libinit$$00000035)
    .ARM.Collect$$libshutdown$$00000000      0x100010c8   Section        2  libshutdown.o(.ARM.Collect$$libshutdown$$00000000)
    .ARM.Collect$$libshutdown$$00000002      0x100010ca   Section        0  libshutdown2.o(.ARM.Collect$$libshutdown$$00000002)
    .ARM.Collect$$libshutdown$$00000003      0x100010ca   Section        4  libshutdown2.o(.ARM.Collect$$libshutdown$$00000003)
    .ARM.Collect$$libshutdown$$00000004      0x100010ce   Section        0  libshutdown2.o(.ARM.Collect$$libshutdown$$00000004)
    .ARM.Collect$$libshutdown$$00000007      0x100010ce   Section        0  libshutdown2.o(.ARM.Collect$$libshutdown$$00000007)
    .ARM.Collect$$libshutdown$$0000000A      0x100010ce   Section        0  libshutdown2.o(.ARM.Collect$$libshutdown$$0000000A)
    .ARM.Collect$$libshutdown$$0000000C      0x100010ce   Section        0  libshutdown2.o(.ARM.Collect$$libshutdown$$0000000C)
    .ARM.Collect$$libshutdown$$0000000F      0x100010ce   Section        0  libshutdown2.o(.ARM.Collect$$libshutdown$$0000000F)
    .ARM.Collect$$libshutdown$$00000010      0x100010ce   Section        2  libshutdown2.o(.ARM.Collect$$libshutdown$$00000010)
    .ARM.Collect$$rtentry$$00000000          0x100010d0   Section        0  __rtentry.o(.ARM.Collect$$rtentry$$00000000)
    .ARM.Collect$$rtentry$$00000002          0x100010d0   Section        0  __rtentry2.o(.ARM.Collect$$rtentry$$00000002)
    .ARM.Collect$$rtentry$$00000004          0x100010d0   Section        6  __rtentry4.o(.ARM.Collect$$rtentry$$00000004)
    .ARM.Collect$$rtentry$$00000009          0x100010d6   Section        0  __rtentry2.o(.ARM.Collect$$rtentry$$00000009)
    .ARM.Collect$$rtentry$$0000000A          0x100010d6   Section        4  __rtentry2.o(.ARM.Collect$$rtentry$$0000000A)
    .ARM.Collect$$rtentry$$0000000C          0x100010da   Section        0  __rtentry2.o(.ARM.Collect$$rtentry$$0000000C)
    .ARM.Collect$$rtentry$$0000000D          0x100010da   Section        8  __rtentry2.o(.ARM.Collect$$rtentry$$0000000D)
    .ARM.Collect$$rtexit$$00000000           0x100010e2   Section        2  rtexit.o(.ARM.Collect$$rtexit$$00000000)
    .ARM.Collect$$rtexit$$00000002           0x100010e4   Section        0  rtexit2.o(.ARM.Collect$$rtexit$$00000002)
    .ARM.Collect$$rtexit$$00000003           0x100010e4   Section        4  rtexit2.o(.ARM.Collect$$rtexit$$00000003)
    .ARM.Collect$$rtexit$$00000004           0x100010e8   Section        6  rtexit2.o(.ARM.Collect$$rtexit$$00000004)
    .text                                    0x100010f0   Section       68  startup_xmc1100.o(.text)
    .text                                    0x10001134   Section        0  noretval__2printf.o(.text)
    .text                                    0x10001150   Section        0  _printf_pad.o(.text)
    .text                                    0x1000119e   Section        0  _printf_str.o(.text)
    .text                                    0x100011f0   Section        0  _printf_dec.o(.text)
    .text                                    0x1000125c   Section        0  _printf_hex_int.o(.text)
    .text                                    0x100012b4   Section        0  __printf_flags_wp.o(.text)
    .text                                    0x100013ec   Section        0  heapauxi.o(.text)
    .text                                    0x100013f2   Section        0  _printf_intcommon.o(.text)
    .text                                    0x100014a2   Section        0  _printf_char.o(.text)
    .text                                    0x100014d0   Section        0  _printf_char_file.o(.text)
    .text                                    0x100014f8   Section        0  rtudiv10.o(.text)
    _printf_input_char                       0x10001521   Thumb Code    10  _printf_char_common.o(.text)
    .text                                    0x10001520   Section        0  _printf_char_common.o(.text)
    .text                                    0x10001550   Section        0  ferror.o(.text)
    .text                                    0x10001558   Section        0  initio.o(.text)
    .text                                    0x10001694   Section       62  sys_stackheap_outer.o(.text)
    .text                                    0x100016d2   Section        0  h1_free.o(.text)
    .text                                    0x10001720   Section        0  flsbuf.o(.text)
    .text                                    0x10001914   Section        0  setvbuf.o(.text)
    _freopen_locked                          0x10001961   Thumb Code     0  fopen.o(.text)
    .text                                    0x10001960   Section        0  fopen.o(.text)
    .text                                    0x10001a50   Section        0  fclose.o(.text)
    .text                                    0x10001a98   Section        0  exit.o(.text)
    .text                                    0x10001aa8   Section        0  defsig_rtred_outer.o(.text)
    .text                                    0x10001ab4   Section        0  rt_memclr.o(.text)
    .text                                    0x10001af4   Section        0  sys_io.o(.text)
    .text                                    0x10001b5c   Section        8  libspace.o(.text)
    .text                                    0x10001b64   Section        8  rt_heap_descriptor_intlibspace.o(.text)
    .text                                    0x10001b6c   Section        0  hguard.o(.text)
    .text                                    0x10001b70   Section        0  init_alloc.o(.text)
    .text                                    0x10001bf8   Section        0  h1_alloc.o(.text)
    .text                                    0x10001c5c   Section        0  fseek.o(.text)
    .text                                    0x10001d50   Section        0  stdio.o(.text)
    .text                                    0x10001e5c   Section        0  defsig_exit.o(.text)
    .text                                    0x10001e68   Section        0  defsig_rtred_inner.o(.text)
    .text                                    0x10001e9c   Section        0  sys_exit.o(.text)
    .text                                    0x10001ea8   Section        2  use_no_semi.o(.text)
    .text                                    0x10001eaa   Section        0  indicate_semi.o(.text)
    .text                                    0x10001eaa   Section        0  maybetermalloc1.o(.text)
    .text                                    0x10001eaa   Section        0  h1_init.o(.text)
    .text                                    0x10001eb6   Section        0  h1_extend.o(.text)
    .text                                    0x10001eea   Section        0  ftell.o(.text)
    .text                                    0x10001f2c   Section        0  defsig_general.o(.text)
    .text                                    0x10001f60   Section        0  defsig_rtmem_outer.o(.text)
    .text                                    0x10001f6c   Section        0  strlen.o(.text)
    .text                                    0x10001fb0   Section        0  sys_wrch.o(.text)
    .text                                    0x10001fbc   Section        8  rt_errno_addr_intlibspace.o(.text)
    .text                                    0x10001fc4   Section        0  defsig_rtmem_inner.o(.text)
    .text                                    0x10002014   Section        0  __dczerorl2.o(.text)
    [Anonymous Symbol]                       0x1000206c   Section        0  xmc1100_it.o(.text.CCU40_0_IRQHandler)
    [Anonymous Symbol]                       0x10002088   Section        0  xmc1100_it.o(.text.CCU40_1_IRQHandler)
    [Anonymous Symbol]                       0x100020a4   Section        0  xmc1100_it.o(.text.CCU40_2_IRQHandler)
    [Anonymous Symbol]                       0x100020c0   Section        0  xmc1100_it.o(.text.CCU40_3_IRQHandler)
    [Anonymous Symbol]                       0x100020dc   Section        0  xmc1100_it.o(.text.ERU0_0_IRQHandler)
    [Anonymous Symbol]                       0x100020f8   Section        0  xmc1100_it.o(.text.ERU0_1_IRQHandler)
    [Anonymous Symbol]                       0x10002114   Section        0  xmc1100_it.o(.text.ERU0_2_IRQHandler)
    [Anonymous Symbol]                       0x10002130   Section        0  xmc1100_it.o(.text.ERU0_3_IRQHandler)
    [Anonymous Symbol]                       0x1000214c   Section        0  xmc1100_it.o(.text.HardFault_Handler)
    [Anonymous Symbol]                       0x10002168   Section        0  lcd2004.o(.text.LCD_Initialize)
    __arm_cp.3_0                             0x100024fc   Number         4  lcd2004.o(.text.LCD_Initialize)
    __arm_cp.3_1                             0x10002500   Number         4  lcd2004.o(.text.LCD_Initialize)
    __arm_cp.3_2                             0x10002504   Number         4  lcd2004.o(.text.LCD_Initialize)
    [Anonymous Symbol]                       0x10002508   Section        0  lcd_pwm_vo.o(.text.LCD_PWM_VO_Init)
    __arm_cp.15_0                            0x10002514   Number         4  lcd_pwm_vo.o(.text.LCD_PWM_VO_Init)
    [Anonymous Symbol]                       0x10002518   Section        0  lcd2004.o(.text.LCD_WrCmd_4)
    __arm_cp.0_1                             0x100025e8   Number         4  lcd2004.o(.text.LCD_WrCmd_4)
    [Anonymous Symbol]                       0x100025ec   Section        0  lcd2004.o(.text.LCD_WrDat_4)
    __arm_cp.1_0                             0x100026b8   Number         4  lcd2004.o(.text.LCD_WrDat_4)
    __arm_cp.1_1                             0x100026bc   Number         4  lcd2004.o(.text.LCD_WrDat_4)
    __arm_cp.1_2                             0x100026c0   Number         4  lcd2004.o(.text.LCD_WrDat_4)
    [Anonymous Symbol]                       0x100026c4   Section        0  lcd2004.o(.text.LCD_displayL)
    __arm_cp.4_0                             0x100026f0   Number         4  lcd2004.o(.text.LCD_displayL)
    [Anonymous Symbol]                       0x100026f4   Section        0  led.o(.text.LED_Initialize)
    __arm_cp.0_0                             0x10002734   Number         4  led.o(.text.LED_Initialize)
    [Anonymous Symbol]                       0x10002738   Section        0  led.o(.text.LED_Off)
    __arm_cp.3_1                             0x10002758   Number         4  led.o(.text.LED_Off)
    [Anonymous Symbol]                       0x1000275c   Section        0  led.o(.text.LED_On)
    __arm_cp.2_0                             0x1000277c   Number         4  led.o(.text.LED_On)
    __arm_cp.2_1                             0x10002780   Number         4  led.o(.text.LED_On)
    [Anonymous Symbol]                       0x10002784   Section        0  main.o(.text.MemtestFunc)
    __arm_cp.6_0                             0x100027dc   Number         4  main.o(.text.MemtestFunc)
    __arm_cp.6_1                             0x100027e0   Number         4  main.o(.text.MemtestFunc)
    __arm_cp.6_2                             0x100027e4   Number         4  main.o(.text.MemtestFunc)
    __arm_cp.6_3                             0x100027e8   Number         4  main.o(.text.MemtestFunc)
    __arm_cp.6_4                             0x100027ec   Number         4  main.o(.text.MemtestFunc)
    [Anonymous Symbol]                       0x100027f0   Section        0  lcd_pwm_vo.o(.text.PWM_CCU4_Init)
    [Anonymous Symbol]                       0x100028a8   Section        0  lcd_pwm_vo.o(.text.PWM_CCU4_lConfigure_Events)
    [Anonymous Symbol]                       0x100029a0   Section        0  lcd_pwm_vo.o(.text.PWM_CCU4_lInit_Interrupt)
    [Anonymous Symbol]                       0x10002a80   Section        0  xmc1100_it.o(.text.PendSV_Handler)
    [Anonymous Symbol]                       0x10002a98   Section        0  main.o(.text.SCU_0_IRQHandler)
    __arm_cp.3_0                             0x10002ad0   Number         4  main.o(.text.SCU_0_IRQHandler)
    __arm_cp.3_1                             0x10002ad4   Number         4  main.o(.text.SCU_0_IRQHandler)
    [Anonymous Symbol]                       0x10002ad8   Section        0  xmc1100_it.o(.text.SCU_1_IRQHandler)
    [Anonymous Symbol]                       0x10002ae8   Section        0  xmc1100_it.o(.text.SCU_2_IRQHandler)
    [Anonymous Symbol]                       0x10002b04   Section        0  xmc1100_it.o(.text.SVC_Handler)
    [Anonymous Symbol]                       0x10002b18   Section        0  xmc1100_it.o(.text.SysTick_Handler)
    __arm_cp.3_0                             0x10002b24   Number         4  xmc1100_it.o(.text.SysTick_Handler)
    [Anonymous Symbol]                       0x10002b28   Section        0  main.o(.text.SystemCoreClockSetup)
    [Anonymous Symbol]                       0x10002b44   Section        0  system_xmc1100.o(.text.SystemCoreClockUpdate)
    __arm_cp.3_0                             0x10002b6c   Number         4  system_xmc1100.o(.text.SystemCoreClockUpdate)
    __arm_cp.3_1                             0x10002b70   Number         4  system_xmc1100.o(.text.SystemCoreClockUpdate)
    __arm_cp.3_2                             0x10002b74   Number         4  system_xmc1100.o(.text.SystemCoreClockUpdate)
    __arm_cp.3_3                             0x10002b78   Number         4  system_xmc1100.o(.text.SystemCoreClockUpdate)
    [Anonymous Symbol]                       0x10002b7c   Section        0  system_xmc1100.o(.text.SystemCoreSetup)
    __arm_cp.1_0                             0x10002b94   Number         4  system_xmc1100.o(.text.SystemCoreSetup)
    __arm_cp.1_1                             0x10002b98   Number         4  system_xmc1100.o(.text.SystemCoreSetup)
    [Anonymous Symbol]                       0x10002b9c   Section        0  system_xmc1100.o(.text.SystemInit)
    [Anonymous Symbol]                       0x10002ba8   Section        0  xmc1100_it.o(.text.USIC0_0_IRQHandler)
    [Anonymous Symbol]                       0x10002bc4   Section        0  xmc1100_it.o(.text.USIC0_1_IRQHandler)
    [Anonymous Symbol]                       0x10002be0   Section        0  xmc1100_it.o(.text.USIC0_2_IRQHandler)
    [Anonymous Symbol]                       0x10002bfc   Section        0  xmc1100_it.o(.text.USIC0_3_IRQHandler)
    [Anonymous Symbol]                       0x10002c18   Section        0  xmc1100_it.o(.text.USIC0_4_IRQHandler)
    [Anonymous Symbol]                       0x10002c34   Section        0  xmc1100_it.o(.text.USIC0_5_IRQHandler)
    [Anonymous Symbol]                       0x10002c50   Section        0  xmc1100_it.o(.text.VADC0_C0_0_IRQHandler)
    [Anonymous Symbol]                       0x10002c70   Section        0  xmc1100_it.o(.text.VADC0_C0_1_IRQHandler)
    [Anonymous Symbol]                       0x10002c90   Section        0  xmc_ccu4.o(.text.XMC_CCU4_Init)
    __arm_cp.2_0                             0x10002cb8   Number         4  xmc_ccu4.o(.text.XMC_CCU4_Init)
    [Anonymous Symbol]                       0x10002cbc   Section        0  xmc_ccu4.o(.text.XMC_CCU4_SLICE_CompareInit)
    [Anonymous Symbol]                       0x10002ce8   Section        0  xmc_ccu4.o(.text.XMC_CCU4_SLICE_ConfigureEvent)
    [Anonymous Symbol]                       0x10002d48   Section        0  xmc_ccu4.o(.text.XMC_CCU4_SLICE_ConfigureStatusBitOverrideEvent)
    __arm_cp.18_0                            0x10002d9c   Number         4  xmc_ccu4.o(.text.XMC_CCU4_SLICE_ConfigureStatusBitOverrideEvent)
    __arm_cp.18_1                            0x10002da0   Number         4  xmc_ccu4.o(.text.XMC_CCU4_SLICE_ConfigureStatusBitOverrideEvent)
    [Anonymous Symbol]                       0x10002da4   Section        0  xmc_ccu4.o(.text.XMC_CCU4_SLICE_CountConfig)
    [Anonymous Symbol]                       0x10002db4   Section        0  xmc_ccu4.o(.text.XMC_CCU4_SLICE_DirectionConfig)
    [Anonymous Symbol]                       0x10002dc4   Section        0  xmc_ccu4.o(.text.XMC_CCU4_SLICE_GateConfig)
    [Anonymous Symbol]                       0x10002dd4   Section        0  xmc_ccu4.o(.text.XMC_CCU4_SLICE_LoadConfig)
    [Anonymous Symbol]                       0x10002de4   Section        0  xmc_ccu4.o(.text.XMC_CCU4_SLICE_ModulationConfig)
    [Anonymous Symbol]                       0x10002e10   Section        0  xmc_ccu4.o(.text.XMC_CCU4_SLICE_SetInterruptNode)
    __arm_cp.28_0                            0x10002e98   Number         4  xmc_ccu4.o(.text.XMC_CCU4_SLICE_SetInterruptNode)
    __arm_cp.28_1                            0x10002e9c   Number         4  xmc_ccu4.o(.text.XMC_CCU4_SLICE_SetInterruptNode)
    __arm_cp.28_2                            0x10002ea0   Number         4  xmc_ccu4.o(.text.XMC_CCU4_SLICE_SetInterruptNode)
    [Anonymous Symbol]                       0x10002ea4   Section        0  xmc_ccu4.o(.text.XMC_CCU4_SLICE_StartConfig)
    [Anonymous Symbol]                       0x10002ec6   Section        0  xmc_ccu4.o(.text.XMC_CCU4_SLICE_StatusBitOverrideConfig)
    [Anonymous Symbol]                       0x10002ed2   Section        0  xmc_ccu4.o(.text.XMC_CCU4_SLICE_StopConfig)
    [Anonymous Symbol]                       0x10002ef0   Section        0  xmc_ccu4.o(.text.XMC_CCU4_SLICE_TrapConfig)
    [Anonymous Symbol]                       0x10002f1a   Section        0  xmc_ccu4.o(.text.XMC_CCU4_SetMultiChannelShadowTransferMode)
    [Anonymous Symbol]                       0x10002f28   Section        0  xmc1_gpio.o(.text.XMC_GPIO_Init)
    __arm_cp.0_0                             0x10002fa4   Number         4  xmc1_gpio.o(.text.XMC_GPIO_Init)
    [Anonymous Symbol]                       0x10002fa8   Section        0  xmc_gpio.o(.text.XMC_GPIO_SetMode)
    [Anonymous Symbol]                       0x10002fc8   Section        0  xmc1_rtc.o(.text.XMC_RTC_ClearEvent)
    __arm_cp.7_0                             0x10002fd0   Number         4  xmc1_rtc.o(.text.XMC_RTC_ClearEvent)
    [Anonymous Symbol]                       0x10002fd4   Section        0  xmc_rtc.o(.text.XMC_RTC_GetTime)
    [Anonymous Symbol]                       0x10002fe0   Section        0  xmc1_rtc.o(.text.XMC_RTC_Init)
    [Anonymous Symbol]                       0x1000302c   Section        0  xmc_rtc.o(.text.XMC_RTC_SetPrescaler)
    [Anonymous Symbol]                       0x10003044   Section        0  xmc_rtc.o(.text.XMC_RTC_SetTime)
    __arm_cp.3_1                             0x1000305c   Number         4  xmc_rtc.o(.text.XMC_RTC_SetTime)
    [Anonymous Symbol]                       0x10003060   Section        0  xmc_rtc.o(.text.XMC_RTC_Start)
    __arm_cp.0_0                             0x10003074   Number         4  xmc_rtc.o(.text.XMC_RTC_Start)
    __arm_cp.0_1                             0x10003078   Number         4  xmc_rtc.o(.text.XMC_RTC_Start)
    [Anonymous Symbol]                       0x1000307c   Section        0  xmc1_scu.o(.text.XMC_SCU_CLOCK_GetPeripheralClockFrequency)
    __arm_cp.25_0                            0x10003084   Number         4  xmc1_scu.o(.text.XMC_SCU_CLOCK_GetPeripheralClockFrequency)
    [Anonymous Symbol]                       0x10003088   Section        0  xmc1_scu.o(.text.XMC_SCU_CLOCK_Init)
    [Anonymous Symbol]                       0x100030bc   Section        0  xmc1_scu.o(.text.XMC_SCU_CLOCK_IsPeripheralClockGated)
    __arm_cp.23_0                            0x100030c8   Number         4  xmc1_scu.o(.text.XMC_SCU_CLOCK_IsPeripheralClockGated)
    [Anonymous Symbol]                       0x100030cc   Section        0  xmc1_scu.o(.text.XMC_SCU_CLOCK_ScaleMCLKFrequency)
    __arm_cp.18_1                            0x10003170   Number         4  xmc1_scu.o(.text.XMC_SCU_CLOCK_ScaleMCLKFrequency)
    __arm_cp.18_2                            0x10003174   Number         4  xmc1_scu.o(.text.XMC_SCU_CLOCK_ScaleMCLKFrequency)
    __arm_cp.18_3                            0x10003178   Number         4  xmc1_scu.o(.text.XMC_SCU_CLOCK_ScaleMCLKFrequency)
    [Anonymous Symbol]                       0x1000317c   Section        0  xmc1_scu.o(.text.XMC_SCU_CLOCK_UngatePeripheralClock)
    __arm_cp.22_0                            0x100031a0   Number         4  xmc1_scu.o(.text.XMC_SCU_CLOCK_UngatePeripheralClock)
    __arm_cp.22_1                            0x100031a4   Number         4  xmc1_scu.o(.text.XMC_SCU_CLOCK_UngatePeripheralClock)
    [Anonymous Symbol]                       0x100031a8   Section        0  xmc_uart.o(.text.XMC_UART_CH_InitEx)
    __arm_cp.0_0                             0x10003228   Number         4  xmc_uart.o(.text.XMC_UART_CH_InitEx)
    __arm_cp.0_1                             0x1000322c   Number         4  xmc_uart.o(.text.XMC_UART_CH_InitEx)
    [Anonymous Symbol]                       0x10003230   Section        0  xmc_usic.o(.text.XMC_USIC_CH_Enable)
    __arm_cp.0_0                             0x10003264   Number         4  xmc_usic.o(.text.XMC_USIC_CH_Enable)
    [Anonymous Symbol]                       0x10003268   Section        0  xmc_usic.o(.text.XMC_USIC_CH_SetBaudrate)
    __arm_cp.3_0                             0x1000332c   Number         4  xmc_usic.o(.text.XMC_USIC_CH_SetBaudrate)
    __arm_cp.3_1                             0x10003330   Number         4  xmc_usic.o(.text.XMC_USIC_CH_SetBaudrate)
    [Anonymous Symbol]                       0x10003334   Section        0  xmc_usic.o(.text.XMC_USIC_CH_SetBaudrateEx)
    __arm_cp.4_0                             0x100033d8   Number         4  xmc_usic.o(.text.XMC_USIC_CH_SetBaudrateEx)
    __arm_cp.4_1                             0x100033dc   Number         4  xmc_usic.o(.text.XMC_USIC_CH_SetBaudrateEx)
    __arm_cp.4_2                             0x100033e0   Number         4  xmc_usic.o(.text.XMC_USIC_CH_SetBaudrateEx)
    __arm_cp.4_3                             0x100033e4   Number         4  xmc_usic.o(.text.XMC_USIC_CH_SetBaudrateEx)
    [Anonymous Symbol]                       0x100033e8   Section        0  main.o(.text.main)
    __arm_cp.7_0                             0x1000350c   Number         4  main.o(.text.main)
    __arm_cp.7_1                             0x10003510   Number         4  main.o(.text.main)
    __arm_cp.7_2                             0x10003514   Number         4  main.o(.text.main)
    __arm_cp.7_3                             0x10003518   Number         4  main.o(.text.main)
    __arm_cp.7_4                             0x1000351c   Number         4  main.o(.text.main)
    __arm_cp.7_5                             0x10003520   Number         4  main.o(.text.main)
    __arm_cp.7_6                             0x10003524   Number         4  main.o(.text.main)
    __arm_cp.7_7                             0x10003528   Number         4  main.o(.text.main)
    __arm_cp.7_8                             0x1000352c   Number         4  main.o(.text.main)
    __arm_cp.7_9                             0x10003530   Number         4  main.o(.text.main)
    __arm_cp.7_11                            0x10003548   Number         4  main.o(.text.main)
    __arm_cp.7_12                            0x1000354c   Number         4  main.o(.text.main)
    __arm_cp.7_13                            0x10003550   Number         4  main.o(.text.main)
    __arm_cp.7_14                            0x10003554   Number         4  main.o(.text.main)
    .text_divfast                            0x10003558   Section      502  aeabi_sdivfast.o(.text_divfast)
    i._is_digit                              0x1000374e   Section        0  __printf_wp.o(i._is_digit)
    i.fputc                                  0x1000375c   Section        0  fputc.o(i.fputc)
    uc_hextab                                0x1000377c   Data          20  _printf_hex_int.o(.constdata)
    .constdata                               0x1000377c   Section       40  _printf_hex_int.o(.constdata)
    lc_hextab                                0x10003790   Data          20  _printf_hex_int.o(.constdata)
    maptable                                 0x100037a4   Data          17  __printf_flags_wp.o(.constdata)
    .constdata                               0x100037a4   Section       17  __printf_flags_wp.o(.constdata)
    .constdata                               0x100037b5   Section        4  sys_io_names.o(.constdata)
    .constdata                               0x100037b9   Section        4  sys_io_names.o(.constdata)
    .constdata                               0x100037bd   Section        4  sys_io_names.o(.constdata)
    LED_PIN                                  0x100037c4   Data          40  led.o(.rodata.LED_PIN)
    [Anonymous Symbol]                       0x100037c4   Section        0  led.o(.rodata.LED_PIN)
    LCD_SetPos.pos_tab                       0x10003858   Data           4  lcd2004.o(.rodata.cst4)
    [Anonymous Symbol]                       0x10003858   Section        0  lcd2004.o(.rodata.cst4)
    [Anonymous Symbol]                       0x1000385c   Section        0  main.o(.rodata.str1.1)
    .ARM.__at_0x20000000                     0x20000000   Section      384  startup_xmc1100.o(.ARM.__at_0x20000000)
    .data                                    0x20000184   Section        4  stdio_streams.o(.data)
    .data                                    0x20000188   Section        4  stdio_streams.o(.data)
    .data                                    0x2000018c   Section        4  stdio_streams.o(.data)
    .bss                                     0x20000240   Section       84  stdio_streams.o(.bss)
    .bss                                     0x20000294   Section       84  stdio_streams.o(.bss)
    .bss                                     0x200002e8   Section       84  stdio_streams.o(.bss)
    .bss                                     0x2000033c   Section       96  libspace.o(.bss)
    Heap_Mem                                 0x200003b0   Data         512  startup_xmc1100.o(HEAP)
    HEAP                                     0x200003b0   Section      512  startup_xmc1100.o(HEAP)
    Stack_Mem                                0x200005b0   Data        4096  startup_xmc1100.o(STACK)
    STACK                                    0x200005b0   Section     4096  startup_xmc1100.o(STACK)
    __initial_sp                             0x200015b0   Data           0  startup_xmc1100.o(STACK)

    Global Symbols

    Symbol Name                              Value     Ov Type        Size  Object(Section)

    BuildAttributes$$THM_ISAv3M$S$PE$A:L22$X:L11$S22$IEEE1$IW$~IW$USESV6$~STKCKD$USESV7$~SHL$OTIME$ROPI$EBA8$UX$STANDARDLIB$REQ8$PRES8$EABIv2 0x00000000   Number         0  anon$$obj.o ABSOLUTE
    _printf_flags                            0x00000000   Number         0  printf_stubs.o ABSOLUTE
    _printf_return_value                     0x00000000   Number         0  printf_stubs.o ABSOLUTE
    _printf_sizespec                         0x00000000   Number         0  printf_stubs.o ABSOLUTE
    _printf_widthprec                        0x00000000   Number         0  printf_stubs.o ABSOLUTE
    __ARM_exceptions_init                     - Undefined Weak Reference
    __alloca_initialize                       - Undefined Weak Reference
    __arm_preinit_                            - Undefined Weak Reference
    __arm_relocate_pie_                       - Undefined Weak Reference
    __cpp_initialize__aeabi_                  - Undefined Weak Reference
    __cxa_finalize                            - Undefined Weak Reference
    __rt_locale                               - Undefined Weak Reference
    __sigvec_lookup                           - Undefined Weak Reference
    __user_heap_extent                        - Undefined Weak Reference
    _atexit_init                              - Undefined Weak Reference
    _call_atexit_fns                          - Undefined Weak Reference
    _clock_init                               - Undefined Weak Reference
    _fp_trap_init                             - Undefined Weak Reference
    _fp_trap_shutdown                         - Undefined Weak Reference
    _get_lc_collate                           - Undefined Weak Reference
    _get_lc_ctype                             - Undefined Weak Reference
    _get_lc_monetary                          - Undefined Weak Reference
    _get_lc_numeric                           - Undefined Weak Reference
    _get_lc_time                              - Undefined Weak Reference
    _getenv_init                              - Undefined Weak Reference
    _handle_redirection                       - Undefined Weak Reference
    _mutex_acquire                            - Undefined Weak Reference
    _mutex_free                               - Undefined Weak Reference
    _mutex_release                            - Undefined Weak Reference
    _printf_mbtowc                            - Undefined Weak Reference
    _printf_truncate_signed                   - Undefined Weak Reference
    _printf_truncate_unsigned                 - Undefined Weak Reference
    _rand_init                                - Undefined Weak Reference
    _signal_finish                            - Undefined Weak Reference
    _signal_init                              - Undefined Weak Reference
    __Vectors_Size                           0x00000018   Number         0  startup_xmc1100.o ABSOLUTE
    __Vectors                                0x10001000   Data           4  startup_xmc1100.o(RESET)
    __Vectors_End                            0x10001018   Data           0  startup_xmc1100.o(RESET)
    __main                                   0x10001019   Thumb Code     8  __main.o(!!!main)
    __scatterload                            0x10001021   Thumb Code     0  __scatter.o(!!!scatter)
    __scatterload_rt2                        0x10001021   Thumb Code    74  __scatter.o(!!!scatter)
    __scatterload_rt2_thumb_only             0x10001021   Thumb Code     0  __scatter.o(!!!scatter)
    __scatterload_loop                       0x1000102b   Thumb Code     0  __scatter.o(!!!scatter)
    __scatterload_null                       0x10001075   Thumb Code     2  __scatter.o(!!handler_null)
    __scatterload_zeroinit                   0x10001079   Thumb Code    28  __scatter_zi.o(!!handler_zi)
    _printf_percent                          0x10001095   Thumb Code     0  _printf_percent.o(.ARM.Collect$$_printf_percent$$00000000)
    _printf_u                                0x10001097   Thumb Code     0  _printf_u.o(.ARM.Collect$$_printf_percent$$0000000A)
    _printf_x                                0x100010a1   Thumb Code     0  _printf_x.o(.ARM.Collect$$_printf_percent$$0000000C)
    _printf_s                                0x100010ab   Thumb Code     0  _printf_s.o(.ARM.Collect$$_printf_percent$$00000014)
    _printf_percent_end                      0x100010b5   Thumb Code     0  _printf_percent_end.o(.ARM.Collect$$_printf_percent$$00000017)
    __rt_lib_init                            0x100010b9   Thumb Code     0  libinit.o(.ARM.Collect$$libinit$$00000000)
    __rt_lib_init_fp_1                       0x100010bb   Thumb Code     0  libinit2.o(.ARM.Collect$$libinit$$00000002)
    __rt_lib_init_heap_2                     0x100010bb   Thumb Code     0  libinit2.o(.ARM.Collect$$libinit$$00000007)
    __rt_lib_init_preinit_1                  0x100010bb   Thumb Code     0  libinit2.o(.ARM.Collect$$libinit$$00000006)
    __rt_lib_init_relocate_pie_1             0x100010bb   Thumb Code     0  libinit2.o(.ARM.Collect$$libinit$$00000004)
    __rt_lib_init_atexit_1                   0x100010c3   Thumb Code     0  libinit2.o(.ARM.Collect$$libinit$$0000001D)
    __rt_lib_init_clock_1                    0x100010c3   Thumb Code     0  libinit2.o(.ARM.Collect$$libinit$$00000023)
    __rt_lib_init_fp_trap_1                  0x100010c3   Thumb Code     0  libinit2.o(.ARM.Collect$$libinit$$00000021)
    __rt_lib_init_getenv_1                   0x100010c3   Thumb Code     0  libinit2.o(.ARM.Collect$$libinit$$00000025)
    __rt_lib_init_heap_1                     0x100010c3   Thumb Code     0  libinit2.o(.ARM.Collect$$libinit$$0000000C)
    __rt_lib_init_lc_collate_1               0x100010c3   Thumb Code     0  libinit2.o(.ARM.Collect$$libinit$$00000013)
    __rt_lib_init_lc_ctype_1                 0x100010c3   Thumb Code     0  libinit2.o(.ARM.Collect$$libinit$$00000015)
    __rt_lib_init_lc_monetary_1              0x100010c3   Thumb Code     0  libinit2.o(.ARM.Collect$$libinit$$00000017)
    __rt_lib_init_lc_numeric_1               0x100010c3   Thumb Code     0  libinit2.o(.ARM.Collect$$libinit$$00000019)
    __rt_lib_init_lc_time_1                  0x100010c3   Thumb Code     0  libinit2.o(.ARM.Collect$$libinit$$0000001B)
    __rt_lib_init_rand_1                     0x100010c3   Thumb Code     0  libinit2.o(.ARM.Collect$$libinit$$00000010)
    __rt_lib_init_signal_1                   0x100010c3   Thumb Code     0  libinit2.o(.ARM.Collect$$libinit$$0000001F)
    __rt_lib_init_stdio_2                    0x100010c3   Thumb Code     0  libinit2.o(.ARM.Collect$$libinit$$00000026)
    __rt_lib_init_user_alloc_1               0x100010c3   Thumb Code     0  libinit2.o(.ARM.Collect$$libinit$$0000000E)
    __rt_lib_init_alloca_1                   0x100010c7   Thumb Code     0  libinit2.o(.ARM.Collect$$libinit$$00000030)
    __rt_lib_init_argv_1                     0x100010c7   Thumb Code     0  libinit2.o(.ARM.Collect$$libinit$$0000002E)
    __rt_lib_init_cpp_1                      0x100010c7   Thumb Code     0  libinit2.o(.ARM.Collect$$libinit$$00000034)
    __rt_lib_init_exceptions_1               0x100010c7   Thumb Code     0  libinit2.o(.ARM.Collect$$libinit$$00000032)
    __rt_lib_init_return                     0x100010c7   Thumb Code     0  libinit2.o(.ARM.Collect$$libinit$$00000035)
    __rt_lib_init_stdio_1                    0x100010c7   Thumb Code     0  libinit2.o(.ARM.Collect$$libinit$$00000027)
    __rt_lib_shutdown                        0x100010c9   Thumb Code     0  libshutdown.o(.ARM.Collect$$libshutdown$$00000000)
    __rt_lib_shutdown_cpp_1                  0x100010cb   Thumb Code     0  libshutdown2.o(.ARM.Collect$$libshutdown$$00000002)
    __rt_lib_shutdown_stdio_2                0x100010cb   Thumb Code     0  libshutdown2.o(.ARM.Collect$$libshutdown$$00000003)
    __rt_lib_shutdown_fp_trap_1              0x100010cf   Thumb Code     0  libshutdown2.o(.ARM.Collect$$libshutdown$$00000007)
    __rt_lib_shutdown_heap_1                 0x100010cf   Thumb Code     0  libshutdown2.o(.ARM.Collect$$libshutdown$$0000000F)
    __rt_lib_shutdown_return                 0x100010cf   Thumb Code     0  libshutdown2.o(.ARM.Collect$$libshutdown$$00000010)
    __rt_lib_shutdown_signal_1               0x100010cf   Thumb Code     0  libshutdown2.o(.ARM.Collect$$libshutdown$$0000000A)
    __rt_lib_shutdown_stdio_1                0x100010cf   Thumb Code     0  libshutdown2.o(.ARM.Collect$$libshutdown$$00000004)
    __rt_lib_shutdown_user_alloc_1           0x100010cf   Thumb Code     0  libshutdown2.o(.ARM.Collect$$libshutdown$$0000000C)
    __rt_entry                               0x100010d1   Thumb Code     0  __rtentry.o(.ARM.Collect$$rtentry$$00000000)
    __rt_entry_presh_1                       0x100010d1   Thumb Code     0  __rtentry2.o(.ARM.Collect$$rtentry$$00000002)
    __rt_entry_sh                            0x100010d1   Thumb Code     0  __rtentry4.o(.ARM.Collect$$rtentry$$00000004)
    __rt_entry_li                            0x100010d7   Thumb Code     0  __rtentry2.o(.ARM.Collect$$rtentry$$0000000A)
    __rt_entry_postsh_1                      0x100010d7   Thumb Code     0  __rtentry2.o(.ARM.Collect$$rtentry$$00000009)
    __rt_entry_main                          0x100010db   Thumb Code     0  __rtentry2.o(.ARM.Collect$$rtentry$$0000000D)
    __rt_entry_postli_1                      0x100010db   Thumb Code     0  __rtentry2.o(.ARM.Collect$$rtentry$$0000000C)
    __rt_exit                                0x100010e3   Thumb Code     0  rtexit.o(.ARM.Collect$$rtexit$$00000000)
    __rt_exit_ls                             0x100010e5   Thumb Code     0  rtexit2.o(.ARM.Collect$$rtexit$$00000003)
    __rt_exit_prels_1                        0x100010e5   Thumb Code     0  rtexit2.o(.ARM.Collect$$rtexit$$00000002)
    __rt_exit_exit                           0x100010e9   Thumb Code     0  rtexit2.o(.ARM.Collect$$rtexit$$00000004)
    Reset_Handler                            0x100010f1   Thumb Code    22  startup_xmc1100.o(.text)
    __user_initial_stackheap                 0x10001109   Thumb Code    10  startup_xmc1100.o(.text)
    __2printf                                0x10001135   Thumb Code    22  noretval__2printf.o(.text)
    _printf_pre_padding                      0x10001151   Thumb Code    44  _printf_pad.o(.text)
    _printf_post_padding                     0x1000117d   Thumb Code    34  _printf_pad.o(.text)
    _printf_str                              0x1000119f   Thumb Code    82  _printf_str.o(.text)
    _printf_int_dec                          0x100011f1   Thumb Code    90  _printf_dec.o(.text)
    _printf_int_hex                          0x1000125d   Thumb Code    84  _printf_hex_int.o(.text)
    _printf_longlong_hex                     0x1000125d   Thumb Code     0  _printf_hex_int.o(.text)
    __printf                                 0x100012b5   Thumb Code   306  __printf_flags_wp.o(.text)
    __use_two_region_memory                  0x100013ed   Thumb Code     2  heapauxi.o(.text)
    __rt_heap_escrow                         0x100013ef   Thumb Code     2  heapauxi.o(.text)
    __rt_heap_expand                         0x100013f1   Thumb Code     2  heapauxi.o(.text)
    _printf_int_common                       0x100013f3   Thumb Code   176  _printf_intcommon.o(.text)
    _printf_cs_common                        0x100014a3   Thumb Code    22  _printf_char.o(.text)
    _printf_char                             0x100014b9   Thumb Code    16  _printf_char.o(.text)
    _printf_string                           0x100014c9   Thumb Code     8  _printf_char.o(.text)
    _printf_char_file                        0x100014d1   Thumb Code    34  _printf_char_file.o(.text)
    __rt_udiv10                              0x100014f9   Thumb Code    40  rtudiv10.o(.text)
    _printf_char_common                      0x1000152b   Thumb Code    32  _printf_char_common.o(.text)
    ferror                                   0x10001551   Thumb Code     8  ferror.o(.text)
    _initio                                  0x10001559   Thumb Code   216  initio.o(.text)
    _terminateio                             0x10001631   Thumb Code    56  initio.o(.text)
    __user_setup_stackheap                   0x10001695   Thumb Code    62  sys_stackheap_outer.o(.text)
    free                                     0x100016d3   Thumb Code    76  h1_free.o(.text)
    __flsbuf                                 0x10001721   Thumb Code   490  flsbuf.o(.text)
    __flsbuf_byte                            0x10001721   Thumb Code     0  flsbuf.o(.text)
    __flsbuf_wide                            0x10001721   Thumb Code     0  flsbuf.o(.text)
    setvbuf                                  0x10001915   Thumb Code    72  setvbuf.o(.text)
    freopen                                  0x10001961   Thumb Code   154  fopen.o(.text)
    fopen                                    0x100019fb   Thumb Code    76  fopen.o(.text)
    _fclose_internal                         0x10001a51   Thumb Code    72  fclose.o(.text)
    fclose                                   0x10001a51   Thumb Code     0  fclose.o(.text)
    exit                                     0x10001a99   Thumb Code    16  exit.o(.text)
    __rt_SIGRTRED                            0x10001aa9   Thumb Code    12  defsig_rtred_outer.o(.text)
    _memset_w                                0x10001ab5   Thumb Code    26  rt_memclr.o(.text)
    _memset                                  0x10001acf   Thumb Code    30  rt_memclr.o(.text)
    __aeabi_memclr                           0x10001aed   Thumb Code     4  rt_memclr.o(.text)
    __rt_memclr                              0x10001aed   Thumb Code     0  rt_memclr.o(.text)
    __aeabi_memclr4                          0x10001af1   Thumb Code     0  rt_memclr.o(.text)
    __aeabi_memclr8                          0x10001af1   Thumb Code     0  rt_memclr.o(.text)
    __rt_memclr_w                            0x10001af1   Thumb Code     4  rt_memclr.o(.text)
    _sys_open                                0x10001af5   Thumb Code    20  sys_io.o(.text)
    _sys_close                               0x10001b09   Thumb Code    12  sys_io.o(.text)
    _sys_write                               0x10001b15   Thumb Code    16  sys_io.o(.text)
    _sys_read                                0x10001b25   Thumb Code    14  sys_io.o(.text)
    _sys_istty                               0x10001b33   Thumb Code    12  sys_io.o(.text)
    _sys_seek                                0x10001b3f   Thumb Code    14  sys_io.o(.text)
    _sys_ensure                              0x10001b4d   Thumb Code     2  sys_io.o(.text)
    _sys_flen                                0x10001b4f   Thumb Code    12  sys_io.o(.text)
    __user_libspace                          0x10001b5d   Thumb Code     8  libspace.o(.text)
    __user_perproc_libspace                  0x10001b5d   Thumb Code     0  libspace.o(.text)
    __user_perthread_libspace                0x10001b5d   Thumb Code     0  libspace.o(.text)
    __rt_heap_descriptor                     0x10001b65   Thumb Code     8  rt_heap_descriptor_intlibspace.o(.text)
    __use_no_heap                            0x10001b6d   Thumb Code     2  hguard.o(.text)
    __heap$guard                             0x10001b6f   Thumb Code     2  hguard.o(.text)
    _terminate_user_alloc                    0x10001b71   Thumb Code     2  init_alloc.o(.text)
    _init_user_alloc                         0x10001b73   Thumb Code     2  init_alloc.o(.text)
    __Heap_Full                              0x10001b75   Thumb Code    32  init_alloc.o(.text)
    __Heap_Broken                            0x10001b95   Thumb Code    10  init_alloc.o(.text)
    _init_alloc                              0x10001b9f   Thumb Code    90  init_alloc.o(.text)
    malloc                                   0x10001bf9   Thumb Code    98  h1_alloc.o(.text)
    _fseek                                   0x10001c5d   Thumb Code   240  fseek.o(.text)
    fseek                                    0x10001c5d   Thumb Code     0  fseek.o(.text)
    _seterr                                  0x10001d51   Thumb Code    20  stdio.o(.text)
    _writebuf                                0x10001d65   Thumb Code    98  stdio.o(.text)
    _fflush                                  0x10001dc7   Thumb Code    76  stdio.o(.text)
    _deferredlazyseek                        0x10001e13   Thumb Code    60  stdio.o(.text)
    __sig_exit                               0x10001e5d   Thumb Code    12  defsig_exit.o(.text)
    __rt_SIGRTRED_inner                      0x10001e69   Thumb Code    14  defsig_rtred_inner.o(.text)
    _sys_exit                                0x10001e9d   Thumb Code     8  sys_exit.o(.text)
    __I$use$semihosting                      0x10001ea9   Thumb Code     0  use_no_semi.o(.text)
    __use_no_semihosting_swi                 0x10001ea9   Thumb Code     2  use_no_semi.o(.text)
    __Heap_Initialize                        0x10001eab   Thumb Code     8  h1_init.o(.text)
    __semihosting_library_function           0x10001eab   Thumb Code     0  indicate_semi.o(.text)
    _maybe_terminate_alloc                   0x10001eab   Thumb Code     0  maybetermalloc1.o(.text)
    __Heap_DescSize                          0x10001eb3   Thumb Code     4  h1_init.o(.text)
    __Heap_ProvideMemory                     0x10001eb7   Thumb Code    52  h1_extend.o(.text)
    _ftell_internal                          0x10001eeb   Thumb Code    66  ftell.o(.text)
    ftell                                    0x10001eeb   Thumb Code     0  ftell.o(.text)
    __default_signal_display                 0x10001f2d   Thumb Code    52  defsig_general.o(.text)
    __rt_SIGRTMEM                            0x10001f61   Thumb Code    12  defsig_rtmem_outer.o(.text)
    strlen                                   0x10001f6d   Thumb Code    62  strlen.o(.text)
    _ttywrch                                 0x10001fb1   Thumb Code    12  sys_wrch.o(.text)
    __aeabi_errno_addr                       0x10001fbd   Thumb Code     8  rt_errno_addr_intlibspace.o(.text)
    __errno$intlibspace                      0x10001fbd   Thumb Code     0  rt_errno_addr_intlibspace.o(.text)
    __rt_errno_addr$intlibspace              0x10001fbd   Thumb Code     0  rt_errno_addr_intlibspace.o(.text)
    __rt_SIGRTMEM_inner                      0x10001fc5   Thumb Code    22  defsig_rtmem_inner.o(.text)
    __decompress                             0x10002015   Thumb Code     0  __dczerorl2.o(.text)
    __decompress1                            0x10002015   Thumb Code    86  __dczerorl2.o(.text)
    CCU40_0_IRQHandler                       0x1000206d   Thumb Code     8  xmc1100_it.o(.text.CCU40_0_IRQHandler)
    CCU40_1_IRQHandler                       0x10002089   Thumb Code     8  xmc1100_it.o(.text.CCU40_1_IRQHandler)
    CCU40_2_IRQHandler                       0x100020a5   Thumb Code     8  xmc1100_it.o(.text.CCU40_2_IRQHandler)
    CCU40_3_IRQHandler                       0x100020c1   Thumb Code     8  xmc1100_it.o(.text.CCU40_3_IRQHandler)
    ERU0_0_IRQHandler                        0x100020dd   Thumb Code     8  xmc1100_it.o(.text.ERU0_0_IRQHandler)
    ERU0_1_IRQHandler                        0x100020f9   Thumb Code     8  xmc1100_it.o(.text.ERU0_1_IRQHandler)
    ERU0_2_IRQHandler                        0x10002115   Thumb Code     8  xmc1100_it.o(.text.ERU0_2_IRQHandler)
    ERU0_3_IRQHandler                        0x10002131   Thumb Code     8  xmc1100_it.o(.text.ERU0_3_IRQHandler)
    HardFault_Handler                        0x1000214d   Thumb Code     8  xmc1100_it.o(.text.HardFault_Handler)
    LCD_Initialize                           0x10002169   Thumb Code   916  lcd2004.o(.text.LCD_Initialize)
    LCD_PWM_VO_Init                          0x10002509   Thumb Code    12  lcd_pwm_vo.o(.text.LCD_PWM_VO_Init)
    LCD_WrCmd_4                              0x10002519   Thumb Code   208  lcd2004.o(.text.LCD_WrCmd_4)
    LCD_WrDat_4                              0x100025ed   Thumb Code   204  lcd2004.o(.text.LCD_WrDat_4)
    LCD_displayL                             0x100026c5   Thumb Code    44  lcd2004.o(.text.LCD_displayL)
    LED_Initialize                           0x100026f5   Thumb Code    64  led.o(.text.LED_Initialize)
    LED_Off                                  0x10002739   Thumb Code    32  led.o(.text.LED_Off)
    LED_On                                   0x1000275d   Thumb Code    32  led.o(.text.LED_On)
    MemtestFunc                              0x10002785   Thumb Code    88  main.o(.text.MemtestFunc)
    PWM_CCU4_Init                            0x100027f1   Thumb Code   184  lcd_pwm_vo.o(.text.PWM_CCU4_Init)
    PWM_CCU4_lConfigure_Events               0x100028a9   Thumb Code   248  lcd_pwm_vo.o(.text.PWM_CCU4_lConfigure_Events)
    PWM_CCU4_lInit_Interrupt                 0x100029a1   Thumb Code   222  lcd_pwm_vo.o(.text.PWM_CCU4_lInit_Interrupt)
    PendSV_Handler                           0x10002a81   Thumb Code     8  xmc1100_it.o(.text.PendSV_Handler)
    SCU_0_IRQHandler                         0x10002a99   Thumb Code    56  main.o(.text.SCU_0_IRQHandler)
    SCU_1_IRQHandler                         0x10002ad9   Thumb Code    16  xmc1100_it.o(.text.SCU_1_IRQHandler)
    SCU_2_IRQHandler                         0x10002ae9   Thumb Code     8  xmc1100_it.o(.text.SCU_2_IRQHandler)
    SVC_Handler                              0x10002b05   Thumb Code     8  xmc1100_it.o(.text.SVC_Handler)
    SysTick_Handler                          0x10002b19   Thumb Code    12  xmc1100_it.o(.text.SysTick_Handler)
    SystemCoreClockSetup                     0x10002b29   Thumb Code    28  main.o(.text.SystemCoreClockSetup)
    SystemCoreClockUpdate                    0x10002b45   Thumb Code    40  system_xmc1100.o(.text.SystemCoreClockUpdate)
    SystemCoreSetup                          0x10002b7d   Thumb Code    24  system_xmc1100.o(.text.SystemCoreSetup)
    SystemInit                               0x10002b9d   Thumb Code    12  system_xmc1100.o(.text.SystemInit)
    USIC0_0_IRQHandler                       0x10002ba9   Thumb Code     8  xmc1100_it.o(.text.USIC0_0_IRQHandler)
    USIC0_1_IRQHandler                       0x10002bc5   Thumb Code     8  xmc1100_it.o(.text.USIC0_1_IRQHandler)
    USIC0_2_IRQHandler                       0x10002be1   Thumb Code     8  xmc1100_it.o(.text.USIC0_2_IRQHandler)
    USIC0_3_IRQHandler                       0x10002bfd   Thumb Code     8  xmc1100_it.o(.text.USIC0_3_IRQHandler)
    USIC0_4_IRQHandler                       0x10002c19   Thumb Code     8  xmc1100_it.o(.text.USIC0_4_IRQHandler)
    USIC0_5_IRQHandler                       0x10002c35   Thumb Code     8  xmc1100_it.o(.text.USIC0_5_IRQHandler)
    VADC0_C0_0_IRQHandler                    0x10002c51   Thumb Code     8  xmc1100_it.o(.text.VADC0_C0_0_IRQHandler)
    VADC0_C0_1_IRQHandler                    0x10002c71   Thumb Code     8  xmc1100_it.o(.text.VADC0_C0_1_IRQHandler)
    XMC_CCU4_Init                            0x10002c91   Thumb Code    40  xmc_ccu4.o(.text.XMC_CCU4_Init)
    XMC_CCU4_SLICE_CompareInit               0x10002cbd   Thumb Code    44  xmc_ccu4.o(.text.XMC_CCU4_SLICE_CompareInit)
    XMC_CCU4_SLICE_ConfigureEvent            0x10002ce9   Thumb Code    94  xmc_ccu4.o(.text.XMC_CCU4_SLICE_ConfigureEvent)
    XMC_CCU4_SLICE_ConfigureStatusBitOverrideEvent 0x10002d49   Thumb Code    84  xmc_ccu4.o(.text.XMC_CCU4_SLICE_ConfigureStatusBitOverrideEvent)
    XMC_CCU4_SLICE_CountConfig               0x10002da5   Thumb Code    16  xmc_ccu4.o(.text.XMC_CCU4_SLICE_CountConfig)
    XMC_CCU4_SLICE_DirectionConfig           0x10002db5   Thumb Code    16  xmc_ccu4.o(.text.XMC_CCU4_SLICE_DirectionConfig)
    XMC_CCU4_SLICE_GateConfig                0x10002dc5   Thumb Code    16  xmc_ccu4.o(.text.XMC_CCU4_SLICE_GateConfig)
    XMC_CCU4_SLICE_LoadConfig                0x10002dd5   Thumb Code    16  xmc_ccu4.o(.text.XMC_CCU4_SLICE_LoadConfig)
    XMC_CCU4_SLICE_ModulationConfig          0x10002de5   Thumb Code    44  xmc_ccu4.o(.text.XMC_CCU4_SLICE_ModulationConfig)
    XMC_CCU4_SLICE_SetInterruptNode          0x10002e11   Thumb Code   136  xmc_ccu4.o(.text.XMC_CCU4_SLICE_SetInterruptNode)
    XMC_CCU4_SLICE_StartConfig               0x10002ea5   Thumb Code    34  xmc_ccu4.o(.text.XMC_CCU4_SLICE_StartConfig)
    XMC_CCU4_SLICE_StatusBitOverrideConfig   0x10002ec7   Thumb Code    12  xmc_ccu4.o(.text.XMC_CCU4_SLICE_StatusBitOverrideConfig)
    XMC_CCU4_SLICE_StopConfig                0x10002ed3   Thumb Code    30  xmc_ccu4.o(.text.XMC_CCU4_SLICE_StopConfig)
    XMC_CCU4_SLICE_TrapConfig                0x10002ef1   Thumb Code    42  xmc_ccu4.o(.text.XMC_CCU4_SLICE_TrapConfig)
    XMC_CCU4_SetMultiChannelShadowTransferMode 0x10002f1b   Thumb Code    14  xmc_ccu4.o(.text.XMC_CCU4_SetMultiChannelShadowTransferMode)
    XMC_GPIO_Init                            0x10002f29   Thumb Code   124  xmc1_gpio.o(.text.XMC_GPIO_Init)
    XMC_GPIO_SetMode                         0x10002fa9   Thumb Code    32  xmc_gpio.o(.text.XMC_GPIO_SetMode)
    XMC_RTC_ClearEvent                       0x10002fc9   Thumb Code     8  xmc1_rtc.o(.text.XMC_RTC_ClearEvent)
    XMC_RTC_GetTime                          0x10002fd5   Thumb Code    12  xmc_rtc.o(.text.XMC_RTC_GetTime)
    XMC_RTC_Init                             0x10002fe1   Thumb Code    76  xmc1_rtc.o(.text.XMC_RTC_Init)
    XMC_RTC_SetPrescaler                     0x1000302d   Thumb Code    24  xmc_rtc.o(.text.XMC_RTC_SetPrescaler)
    XMC_RTC_SetTime                          0x10003045   Thumb Code    24  xmc_rtc.o(.text.XMC_RTC_SetTime)
    XMC_RTC_Start                            0x10003061   Thumb Code    20  xmc_rtc.o(.text.XMC_RTC_Start)
    XMC_SCU_CLOCK_GetPeripheralClockFrequency 0x1000307d   Thumb Code     8  xmc1_scu.o(.text.XMC_SCU_CLOCK_GetPeripheralClockFrequency)
    XMC_SCU_CLOCK_Init                       0x10003089   Thumb Code    52  xmc1_scu.o(.text.XMC_SCU_CLOCK_Init)
    XMC_SCU_CLOCK_IsPeripheralClockGated     0x100030bd   Thumb Code    12  xmc1_scu.o(.text.XMC_SCU_CLOCK_IsPeripheralClockGated)
    XMC_SCU_CLOCK_ScaleMCLKFrequency         0x100030cd   Thumb Code   164  xmc1_scu.o(.text.XMC_SCU_CLOCK_ScaleMCLKFrequency)
    XMC_SCU_CLOCK_UngatePeripheralClock      0x1000317d   Thumb Code    36  xmc1_scu.o(.text.XMC_SCU_CLOCK_UngatePeripheralClock)
    XMC_UART_CH_InitEx                       0x100031a9   Thumb Code   128  xmc_uart.o(.text.XMC_UART_CH_InitEx)
    XMC_USIC_CH_Enable                       0x10003231   Thumb Code    52  xmc_usic.o(.text.XMC_USIC_CH_Enable)
    XMC_USIC_CH_SetBaudrate                  0x10003269   Thumb Code   196  xmc_usic.o(.text.XMC_USIC_CH_SetBaudrate)
    XMC_USIC_CH_SetBaudrateEx                0x10003335   Thumb Code   164  xmc_usic.o(.text.XMC_USIC_CH_SetBaudrateEx)
    main                                     0x100033e9   Thumb Code   292  main.o(.text.main)
    __aeabi_uidiv                            0x10003559   Thumb Code    68  aeabi_sdivfast.o(.text_divfast)
    __aeabi_idiv                             0x1000359d   Thumb Code   434  aeabi_sdivfast.o(.text_divfast)
    _is_digit                                0x1000374f   Thumb Code    14  __printf_wp.o(i._is_digit)
    fputc                                    0x1000375d   Thumb Code    32  fputc.o(i.fputc)
    __stdin_name                             0x100037b5   Data           4  sys_io_names.o(.constdata)
    __stdout_name                            0x100037b9   Data           4  sys_io_names.o(.constdata)
    __stderr_name                            0x100037bd   Data           4  sys_io_names.o(.constdata)
    PWM_CCU4_0_ch1_out0_config               0x100037ec   Data           8  lcd_pwm_vo.o(.rodata.PWM_CCU4_0_ch1_out0_config)
    PWM_CCU4_0_config_handle                 0x100037f4   Data          80  lcd_pwm_vo.o(.rodata.PWM_CCU4_0_config_handle)
    PWM_CCU4_0_event0_config                 0x10003844   Data           4  lcd_pwm_vo.o(.rodata.PWM_CCU4_0_event0_config)
    PWM_CCU4_0_event1_config                 0x10003848   Data           4  lcd_pwm_vo.o(.rodata.PWM_CCU4_0_event1_config)
    PWM_CCU4_0_event2_config                 0x1000384c   Data           4  lcd_pwm_vo.o(.rodata.PWM_CCU4_0_event2_config)
    PWM_CCU4_0_timer_handle                  0x10003850   Data           8  lcd_pwm_vo.o(.rodata.PWM_CCU4_0_timer_handle)
    uart_config                              0x100038a0   Data          12  main.o(.rodata.uart_config)
    Region$$Table$$Base                      0x100038ac   Number         0  anon$$obj.o(Region$$Table)
    Region$$Table$$Limit                     0x100038cc   Number         0  anon$$obj.o(Region$$Table)
    ClassB_TrapMessage                       0x20000180   Data           4  main.o(.ClassB_data)
    __aeabi_stdin                            0x20000184   Data           4  stdio_streams.o(.data)
    __aeabi_stdout                           0x20000188   Data           4  stdio_streams.o(.data)
    __aeabi_stderr                           0x2000018c   Data           4  stdio_streams.o(.data)
    GLOBAL_CCU4_0                            0x20000190   Data          16  lcd_pwm_vo.o(.data.GLOBAL_CCU4_0)
    PWM_CCU4_0                               0x200001a0   Data          40  lcd_pwm_vo.o(.data.PWM_CCU4_0)
    init_rtc_time                            0x200001c8   Data           8  main.o(.data.init_rtc_time)
    line                                     0x200001d0   Data          84  main.o(.data.line)
    rtc_config                               0x20000224   Data          20  main.o(.data.rtc_config)
    SystemCoreClock                          0x20000238   Data           4  system_xmc1100.o(.no_init)
    __stdin                                  0x20000240   Data          84  stdio_streams.o(.bss)
    __stdout                                 0x20000294   Data          84  stdio_streams.o(.bss)
    __stderr                                 0x200002e8   Data          84  stdio_streams.o(.bss)
    __libspace_start                         0x2000033c   Data          96  libspace.o(.bss)
    __temporary_stack_top$libspace           0x2000039c   Data           0  libspace.o(.bss)
    g_Ticks                                  0x2000039c   Data           4  main.o(.bss.g_Ticks)
    uart_rx                                  0x200003a0   Data           8  main.o(.bss.uart_rx)
    uart_tx                                  0x200003a8   Data           8  main.o(.bss.uart_tx)



==============================================================================

Memory Map of the image

  Image Entry point : 0x10001019

  Load Region LR_IROM1 (Base: 0x10001000, Size: 0x00002b10, Max: 0x00010000, ABSOLUTE, COMPRESSED[0x000029d0])

    Execution Region ER_IROM1 (Exec base: 0x10001000, Load base: 0x10001000, Size: 0x000028cc, Max: 0x00010000, ABSOLUTE)

    Exec Addr    Load Addr    Size         Type   Attr      Idx    E Section Name        Object

    0x10001000   0x10001000   0x00000018   Data   RO          505    RESET               startup_xmc1100.o
    0x10001018   0x10001018   0x00000008   Code   RO          600  * !!!main             c_p.l(__main.o)
    0x10001020   0x10001020   0x00000054   Code   RO          987    !!!scatter          c_p.l(__scatter.o)
    0x10001074   0x10001074   0x00000002   Code   RO          988    !!handler_null      c_p.l(__scatter.o)
    0x10001076   0x10001076   0x00000002   PAD
    0x10001078   0x10001078   0x0000001c   Code   RO          991    !!handler_zi        c_p.l(__scatter_zi.o)
    0x10001094   0x10001094   0x00000002   Code   RO          589    .ARM.Collect$$_printf_percent$$00000000  c_p.l(_printf_percent.o)
    0x10001096   0x10001096   0x0000000a   Code   RO          588    .ARM.Collect$$_printf_percent$$0000000A  c_p.l(_printf_u.o)
    0x100010a0   0x100010a0   0x0000000a   Code   RO          587    .ARM.Collect$$_printf_percent$$0000000C  c_p.l(_printf_x.o)
    0x100010aa   0x100010aa   0x0000000a   Code   RO          586    .ARM.Collect$$_printf_percent$$00000014  c_p.l(_printf_s.o)
    0x100010b4   0x100010b4   0x00000004   Code   RO          622    .ARM.Collect$$_printf_percent$$00000017  c_p.l(_printf_percent_end.o)
    0x100010b8   0x100010b8   0x00000002   Code   RO          761    .ARM.Collect$$libinit$$00000000  c_p.l(libinit.o)
    0x100010ba   0x100010ba   0x00000000   Code   RO          763    .ARM.Collect$$libinit$$00000002  c_p.l(libinit2.o)
    0x100010ba   0x100010ba   0x00000000   Code   RO          765    .ARM.Collect$$libinit$$00000004  c_p.l(libinit2.o)
    0x100010ba   0x100010ba   0x00000000   Code   RO          767    .ARM.Collect$$libinit$$00000006  c_p.l(libinit2.o)
    0x100010ba   0x100010ba   0x00000008   Code   RO          768    .ARM.Collect$$libinit$$00000007  c_p.l(libinit2.o)
    0x100010c2   0x100010c2   0x00000000   Code   RO          770    .ARM.Collect$$libinit$$0000000C  c_p.l(libinit2.o)
    0x100010c2   0x100010c2   0x00000000   Code   RO          772    .ARM.Collect$$libinit$$0000000E  c_p.l(libinit2.o)
    0x100010c2   0x100010c2   0x00000000   Code   RO          774    .ARM.Collect$$libinit$$00000010  c_p.l(libinit2.o)
    0x100010c2   0x100010c2   0x00000000   Code   RO          777    .ARM.Collect$$libinit$$00000013  c_p.l(libinit2.o)
    0x100010c2   0x100010c2   0x00000000   Code   RO          779    .ARM.Collect$$libinit$$00000015  c_p.l(libinit2.o)
    0x100010c2   0x100010c2   0x00000000   Code   RO          781    .ARM.Collect$$libinit$$00000017  c_p.l(libinit2.o)
    0x100010c2   0x100010c2   0x00000000   Code   RO          783    .ARM.Collect$$libinit$$00000019  c_p.l(libinit2.o)
    0x100010c2   0x100010c2   0x00000000   Code   RO          785    .ARM.Collect$$libinit$$0000001B  c_p.l(libinit2.o)
    0x100010c2   0x100010c2   0x00000000   Code   RO          787    .ARM.Collect$$libinit$$0000001D  c_p.l(libinit2.o)
    0x100010c2   0x100010c2   0x00000000   Code   RO          789    .ARM.Collect$$libinit$$0000001F  c_p.l(libinit2.o)
    0x100010c2   0x100010c2   0x00000000   Code   RO          791    .ARM.Collect$$libinit$$00000021  c_p.l(libinit2.o)
    0x100010c2   0x100010c2   0x00000000   Code   RO          793    .ARM.Collect$$libinit$$00000023  c_p.l(libinit2.o)
    0x100010c2   0x100010c2   0x00000000   Code   RO          795    .ARM.Collect$$libinit$$00000025  c_p.l(libinit2.o)
    0x100010c2   0x100010c2   0x00000004   Code   RO          796    .ARM.Collect$$libinit$$00000026  c_p.l(libinit2.o)
    0x100010c6   0x100010c6   0x00000000   Code   RO          797    .ARM.Collect$$libinit$$00000027  c_p.l(libinit2.o)
    0x100010c6   0x100010c6   0x00000000   Code   RO          801    .ARM.Collect$$libinit$$0000002E  c_p.l(libinit2.o)
    0x100010c6   0x100010c6   0x00000000   Code   RO          803    .ARM.Collect$$libinit$$00000030  c_p.l(libinit2.o)
    0x100010c6   0x100010c6   0x00000000   Code   RO          805    .ARM.Collect$$libinit$$00000032  c_p.l(libinit2.o)
    0x100010c6   0x100010c6   0x00000000   Code   RO          807    .ARM.Collect$$libinit$$00000034  c_p.l(libinit2.o)
    0x100010c6   0x100010c6   0x00000002   Code   RO          808    .ARM.Collect$$libinit$$00000035  c_p.l(libinit2.o)
    0x100010c8   0x100010c8   0x00000002   Code   RO          966    .ARM.Collect$$libshutdown$$00000000  c_p.l(libshutdown.o)
    0x100010ca   0x100010ca   0x00000000   Code   RO          810    .ARM.Collect$$libshutdown$$00000002  c_p.l(libshutdown2.o)
    0x100010ca   0x100010ca   0x00000004   Code   RO          811    .ARM.Collect$$libshutdown$$00000003  c_p.l(libshutdown2.o)
    0x100010ce   0x100010ce   0x00000000   Code   RO          812    .ARM.Collect$$libshutdown$$00000004  c_p.l(libshutdown2.o)
    0x100010ce   0x100010ce   0x00000000   Code   RO          815    .ARM.Collect$$libshutdown$$00000007  c_p.l(libshutdown2.o)
    0x100010ce   0x100010ce   0x00000000   Code   RO          818    .ARM.Collect$$libshutdown$$0000000A  c_p.l(libshutdown2.o)
    0x100010ce   0x100010ce   0x00000000   Code   RO          820    .ARM.Collect$$libshutdown$$0000000C  c_p.l(libshutdown2.o)
    0x100010ce   0x100010ce   0x00000000   Code   RO          823    .ARM.Collect$$libshutdown$$0000000F  c_p.l(libshutdown2.o)
    0x100010ce   0x100010ce   0x00000002   Code   RO          824    .ARM.Collect$$libshutdown$$00000010  c_p.l(libshutdown2.o)
    0x100010d0   0x100010d0   0x00000000   Code   RO          611    .ARM.Collect$$rtentry$$00000000  c_p.l(__rtentry.o)
    0x100010d0   0x100010d0   0x00000000   Code   RO          633    .ARM.Collect$$rtentry$$00000002  c_p.l(__rtentry2.o)
    0x100010d0   0x100010d0   0x00000006   Code   RO          645    .ARM.Collect$$rtentry$$00000004  c_p.l(__rtentry4.o)
    0x100010d6   0x100010d6   0x00000000   Code   RO          635    .ARM.Collect$$rtentry$$00000009  c_p.l(__rtentry2.o)
    0x100010d6   0x100010d6   0x00000004   Code   RO          636    .ARM.Collect$$rtentry$$0000000A  c_p.l(__rtentry2.o)
    0x100010da   0x100010da   0x00000000   Code   RO          638    .ARM.Collect$$rtentry$$0000000C  c_p.l(__rtentry2.o)
    0x100010da   0x100010da   0x00000008   Code   RO          639    .ARM.Collect$$rtentry$$0000000D  c_p.l(__rtentry2.o)
    0x100010e2   0x100010e2   0x00000002   Code   RO          835    .ARM.Collect$$rtexit$$00000000  c_p.l(rtexit.o)
    0x100010e4   0x100010e4   0x00000000   Code   RO          898    .ARM.Collect$$rtexit$$00000002  c_p.l(rtexit2.o)
    0x100010e4   0x100010e4   0x00000004   Code   RO          899    .ARM.Collect$$rtexit$$00000003  c_p.l(rtexit2.o)
    0x100010e8   0x100010e8   0x00000006   Code   RO          900    .ARM.Collect$$rtexit$$00000004  c_p.l(rtexit2.o)
    0x100010ee   0x100010ee   0x00000002   PAD
    0x100010f0   0x100010f0   0x00000044   Code   RO          506    .text               startup_xmc1100.o
    0x10001134   0x10001134   0x0000001c   Code   RO          535    .text               c_p.l(noretval__2printf.o)
    0x10001150   0x10001150   0x0000004e   Code   RO          539    .text               c_p.l(_printf_pad.o)
    0x1000119e   0x1000119e   0x00000052   Code   RO          541    .text               c_p.l(_printf_str.o)
    0x100011f0   0x100011f0   0x0000006c   Code   RO          543    .text               c_p.l(_printf_dec.o)
    0x1000125c   0x1000125c   0x00000058   Code   RO          548    .text               c_p.l(_printf_hex_int.o)
    0x100012b4   0x100012b4   0x00000138   Code   RO          578    .text               c_p.l(__printf_flags_wp.o)
    0x100013ec   0x100013ec   0x00000006   Code   RO          598    .text               c_p.l(heapauxi.o)
    0x100013f2   0x100013f2   0x000000b0   Code   RO          616    .text               c_p.l(_printf_intcommon.o)
    0x100014a2   0x100014a2   0x0000002e   Code   RO          618    .text               c_p.l(_printf_char.o)
    0x100014d0   0x100014d0   0x00000028   Code   RO          620    .text               c_p.l(_printf_char_file.o)
    0x100014f8   0x100014f8   0x00000028   Code   RO          629    .text               c_p.l(rtudiv10.o)
    0x10001520   0x10001520   0x00000030   Code   RO          649    .text               c_p.l(_printf_char_common.o)
    0x10001550   0x10001550   0x00000008   Code   RO          651    .text               c_p.l(ferror.o)
    0x10001558   0x10001558   0x0000013c   Code   RO          657    .text               c_p.l(initio.o)
    0x10001694   0x10001694   0x0000003e   Code   RO          670    .text               c_p.l(sys_stackheap_outer.o)
    0x100016d2   0x100016d2   0x0000004c   Code   RO          675    .text               c_p.l(h1_free.o)
    0x1000171e   0x1000171e   0x00000002   PAD
    0x10001720   0x10001720   0x000001f4   Code   RO          731    .text               c_p.l(flsbuf.o)
    0x10001914   0x10001914   0x0000004c   Code   RO          733    .text               c_p.l(setvbuf.o)
    0x10001960   0x10001960   0x000000f0   Code   RO          736    .text               c_p.l(fopen.o)
    0x10001a50   0x10001a50   0x00000048   Code   RO          738    .text               c_p.l(fclose.o)
    0x10001a98   0x10001a98   0x00000010   Code   RO          744    .text               c_p.l(exit.o)
    0x10001aa8   0x10001aa8   0x0000000c   Code   RO          750    .text               c_p.l(defsig_rtred_outer.o)
    0x10001ab4   0x10001ab4   0x00000040   Code   RO          754    .text               c_p.l(rt_memclr.o)
    0x10001af4   0x10001af4   0x00000066   Code   RO          827    .text               c_p.l(sys_io.o)
    0x10001b5a   0x10001b5a   0x00000002   PAD
    0x10001b5c   0x10001b5c   0x00000008   Code   RO          831    .text               c_p.l(libspace.o)
    0x10001b64   0x10001b64   0x00000008   Code   RO          842    .text               c_p.l(rt_heap_descriptor_intlibspace.o)
    0x10001b6c   0x10001b6c   0x00000004   Code   RO          844    .text               c_p.l(hguard.o)
    0x10001b70   0x10001b70   0x00000088   Code   RO          846    .text               c_p.l(init_alloc.o)
    0x10001bf8   0x10001bf8   0x00000062   Code   RO          852    .text               c_p.l(h1_alloc.o)
    0x10001c5a   0x10001c5a   0x00000002   PAD
    0x10001c5c   0x10001c5c   0x000000f4   Code   RO          866    .text               c_p.l(fseek.o)
    0x10001d50   0x10001d50   0x0000010c   Code   RO          868    .text               c_p.l(stdio.o)
    0x10001e5c   0x10001e5c   0x0000000c   Code   RO          874    .text               c_p.l(defsig_exit.o)
    0x10001e68   0x10001e68   0x00000034   Code   RO          878    .text               c_p.l(defsig_rtred_inner.o)
    0x10001e9c   0x10001e9c   0x0000000c   Code   RO          890    .text               c_p.l(sys_exit.o)
    0x10001ea8   0x10001ea8   0x00000002   Code   RO          894    .text               c_p.l(use_no_semi.o)
    0x10001eaa   0x10001eaa   0x00000000   Code   RO          896    .text               c_p.l(indicate_semi.o)
    0x10001eaa   0x10001eaa   0x00000000   Code   RO          904    .text               c_p.l(maybetermalloc1.o)
    0x10001eaa   0x10001eaa   0x0000000c   Code   RO          906    .text               c_p.l(h1_init.o)
    0x10001eb6   0x10001eb6   0x00000034   Code   RO          908    .text               c_p.l(h1_extend.o)
    0x10001eea   0x10001eea   0x00000042   Code   RO          918    .text               c_p.l(ftell.o)
    0x10001f2c   0x10001f2c   0x00000034   Code   RO          926    .text               c_p.l(defsig_general.o)
    0x10001f60   0x10001f60   0x0000000c   Code   RO          928    .text               c_p.l(defsig_rtmem_outer.o)
    0x10001f6c   0x10001f6c   0x00000044   Code   RO          932    .text               c_p.l(strlen.o)
    0x10001fb0   0x10001fb0   0x0000000c   Code   RO          943    .text               c_p.l(sys_wrch.o)
    0x10001fbc   0x10001fbc   0x00000008   Code   RO          954    .text               c_p.l(rt_errno_addr_intlibspace.o)
    0x10001fc4   0x10001fc4   0x00000050   Code   RO          960    .text               c_p.l(defsig_rtmem_inner.o)
    0x10002014   0x10002014   0x00000056   Code   RO          985    .text               c_p.l(__dczerorl2.o)
    0x1000206a   0x1000206a   0x00000002   PAD
    0x1000206c   0x1000206c   0x0000001c   Code   RO           92    .text.CCU40_0_IRQHandler  xmc1100_it.o
    0x10002088   0x10002088   0x0000001c   Code   RO           94    .text.CCU40_1_IRQHandler  xmc1100_it.o
    0x100020a4   0x100020a4   0x0000001c   Code   RO           96    .text.CCU40_2_IRQHandler  xmc1100_it.o
    0x100020c0   0x100020c0   0x0000001c   Code   RO           98    .text.CCU40_3_IRQHandler  xmc1100_it.o
    0x100020dc   0x100020dc   0x0000001c   Code   RO           68    .text.ERU0_0_IRQHandler  xmc1100_it.o
    0x100020f8   0x100020f8   0x0000001c   Code   RO           70    .text.ERU0_1_IRQHandler  xmc1100_it.o
    0x10002114   0x10002114   0x0000001c   Code   RO           72    .text.ERU0_2_IRQHandler  xmc1100_it.o
    0x10002130   0x10002130   0x0000001c   Code   RO           74    .text.ERU0_3_IRQHandler  xmc1100_it.o
    0x1000214c   0x1000214c   0x0000001c   Code   RO           56    .text.HardFault_Handler  xmc1100_it.o
    0x10002168   0x10002168   0x000003a0   Code   RO          114    .text.LCD_Initialize  lcd2004.o
    0x10002508   0x10002508   0x00000010   Code   RO          157    .text.LCD_PWM_VO_Init  lcd_pwm_vo.o
    0x10002518   0x10002518   0x000000d4   Code   RO          108    .text.LCD_WrCmd_4   lcd2004.o
    0x100025ec   0x100025ec   0x000000d8   Code   RO          110    .text.LCD_WrDat_4   lcd2004.o
    0x100026c4   0x100026c4   0x00000030   Code   RO          116    .text.LCD_displayL  lcd2004.o
    0x100026f4   0x100026f4   0x00000044   Code   RO           37    .text.LED_Initialize  led.o
    0x10002738   0x10002738   0x00000024   Code   RO           43    .text.LED_Off       led.o
    0x1000275c   0x1000275c   0x00000028   Code   RO           41    .text.LED_On        led.o
    0x10002784   0x10002784   0x0000006c   Code   RO           14    .text.MemtestFunc   main.o
    0x100027f0   0x100027f0   0x000000b8   Code   RO          129    .text.PWM_CCU4_Init  lcd_pwm_vo.o
    0x100028a8   0x100028a8   0x000000f8   Code   RO          131    .text.PWM_CCU4_lConfigure_Events  lcd_pwm_vo.o
    0x100029a0   0x100029a0   0x000000de   Code   RO          133    .text.PWM_CCU4_lInit_Interrupt  lcd_pwm_vo.o
    0x10002a7e   0x10002a7e   0x00000002   PAD
    0x10002a80   0x10002a80   0x00000018   Code   RO           60    .text.PendSV_Handler  xmc1100_it.o
    0x10002a98   0x10002a98   0x00000040   Code   RO            8    .text.SCU_0_IRQHandler  main.o
    0x10002ad8   0x10002ad8   0x00000010   Code   RO           64    .text.SCU_1_IRQHandler  xmc1100_it.o
    0x10002ae8   0x10002ae8   0x0000001c   Code   RO           66    .text.SCU_2_IRQHandler  xmc1100_it.o
    0x10002b04   0x10002b04   0x00000014   Code   RO           58    .text.SVC_Handler   xmc1100_it.o
    0x10002b18   0x10002b18   0x00000010   Code   RO           62    .text.SysTick_Handler  xmc1100_it.o
    0x10002b28   0x10002b28   0x0000001c   Code   RO            2    .text.SystemCoreClockSetup  main.o
    0x10002b44   0x10002b44   0x00000038   Code   RO          522    .text.SystemCoreClockUpdate  system_xmc1100.o
    0x10002b7c   0x10002b7c   0x00000020   Code   RO          518    .text.SystemCoreSetup  system_xmc1100.o
    0x10002b9c   0x10002b9c   0x0000000c   Code   RO          516    .text.SystemInit    system_xmc1100.o
    0x10002ba8   0x10002ba8   0x0000001c   Code   RO           76    .text.USIC0_0_IRQHandler  xmc1100_it.o
    0x10002bc4   0x10002bc4   0x0000001c   Code   RO           78    .text.USIC0_1_IRQHandler  xmc1100_it.o
    0x10002be0   0x10002be0   0x0000001c   Code   RO           80    .text.USIC0_2_IRQHandler  xmc1100_it.o
    0x10002bfc   0x10002bfc   0x0000001c   Code   RO           82    .text.USIC0_3_IRQHandler  xmc1100_it.o
    0x10002c18   0x10002c18   0x0000001c   Code   RO           84    .text.USIC0_4_IRQHandler  xmc1100_it.o
    0x10002c34   0x10002c34   0x0000001c   Code   RO           86    .text.USIC0_5_IRQHandler  xmc1100_it.o
    0x10002c50   0x10002c50   0x00000020   Code   RO           88    .text.VADC0_C0_0_IRQHandler  xmc1100_it.o
    0x10002c70   0x10002c70   0x00000020   Code   RO           90    .text.VADC0_C0_1_IRQHandler  xmc1100_it.o
    0x10002c90   0x10002c90   0x0000002c   Code   RO          327    .text.XMC_CCU4_Init  xmc_ccu4.o
    0x10002cbc   0x10002cbc   0x0000002c   Code   RO          333    .text.XMC_CCU4_SLICE_CompareInit  xmc_ccu4.o
    0x10002ce8   0x10002ce8   0x0000005e   Code   RO          361    .text.XMC_CCU4_SLICE_ConfigureEvent  xmc_ccu4.o
    0x10002d46   0x10002d46   0x00000002   PAD
    0x10002d48   0x10002d48   0x0000005c   Code   RO          359    .text.XMC_CCU4_SLICE_ConfigureStatusBitOverrideEvent  xmc_ccu4.o
    0x10002da4   0x10002da4   0x00000010   Code   RO          345    .text.XMC_CCU4_SLICE_CountConfig  xmc_ccu4.o
    0x10002db4   0x10002db4   0x00000010   Code   RO          353    .text.XMC_CCU4_SLICE_DirectionConfig  xmc_ccu4.o
    0x10002dc4   0x10002dc4   0x00000010   Code   RO          347    .text.XMC_CCU4_SLICE_GateConfig  xmc_ccu4.o
    0x10002dd4   0x10002dd4   0x00000010   Code   RO          341    .text.XMC_CCU4_SLICE_LoadConfig  xmc_ccu4.o
    0x10002de4   0x10002de4   0x0000002c   Code   RO          343    .text.XMC_CCU4_SLICE_ModulationConfig  xmc_ccu4.o
    0x10002e10   0x10002e10   0x00000094   Code   RO          379    .text.XMC_CCU4_SLICE_SetInterruptNode  xmc_ccu4.o
    0x10002ea4   0x10002ea4   0x00000022   Code   RO          337    .text.XMC_CCU4_SLICE_StartConfig  xmc_ccu4.o
    0x10002ec6   0x10002ec6   0x0000000c   Code   RO          355    .text.XMC_CCU4_SLICE_StatusBitOverrideConfig  xmc_ccu4.o
    0x10002ed2   0x10002ed2   0x0000001e   Code   RO          339    .text.XMC_CCU4_SLICE_StopConfig  xmc_ccu4.o
    0x10002ef0   0x10002ef0   0x0000002a   Code   RO          357    .text.XMC_CCU4_SLICE_TrapConfig  xmc_ccu4.o
    0x10002f1a   0x10002f1a   0x0000000e   Code   RO          331    .text.XMC_CCU4_SetMultiChannelShadowTransferMode  xmc_ccu4.o
    0x10002f28   0x10002f28   0x00000080   Code   RO          216    .text.XMC_GPIO_Init  xmc1_gpio.o
    0x10002fa8   0x10002fa8   0x00000020   Code   RO          392    .text.XMC_GPIO_SetMode  xmc_gpio.o
    0x10002fc8   0x10002fc8   0x0000000c   Code   RO          242    .text.XMC_RTC_ClearEvent  xmc1_rtc.o
    0x10002fd4   0x10002fd4   0x0000000c   Code   RO          412    .text.XMC_RTC_GetTime  xmc_rtc.o
    0x10002fe0   0x10002fe0   0x0000004c   Code   RO          228    .text.XMC_RTC_Init  xmc1_rtc.o
    0x1000302c   0x1000302c   0x00000018   Code   RO          408    .text.XMC_RTC_SetPrescaler  xmc_rtc.o
    0x10003044   0x10003044   0x0000001c   Code   RO          410    .text.XMC_RTC_SetTime  xmc_rtc.o
    0x10003060   0x10003060   0x0000001c   Code   RO          404    .text.XMC_RTC_Start  xmc_rtc.o
    0x1000307c   0x1000307c   0x0000000c   Code   RO          302    .text.XMC_SCU_CLOCK_GetPeripheralClockFrequency  xmc1_scu.o
    0x10003088   0x10003088   0x00000034   Code   RO          286    .text.XMC_SCU_CLOCK_Init  xmc1_scu.o
    0x100030bc   0x100030bc   0x00000010   Code   RO          298    .text.XMC_SCU_CLOCK_IsPeripheralClockGated  xmc1_scu.o
    0x100030cc   0x100030cc   0x000000b0   Code   RO          288    .text.XMC_SCU_CLOCK_ScaleMCLKFrequency  xmc1_scu.o
    0x1000317c   0x1000317c   0x0000002c   Code   RO          296    .text.XMC_SCU_CLOCK_UngatePeripheralClock  xmc1_scu.o
    0x100031a8   0x100031a8   0x00000088   Code   RO          436    .text.XMC_UART_CH_InitEx  xmc_uart.o
    0x10003230   0x10003230   0x00000038   Code   RO          460    .text.XMC_USIC_CH_Enable  xmc_usic.o
    0x10003268   0x10003268   0x000000cc   Code   RO          466    .text.XMC_USIC_CH_SetBaudrate  xmc_usic.o
    0x10003334   0x10003334   0x000000b4   Code   RO          468    .text.XMC_USIC_CH_SetBaudrateEx  xmc_usic.o
    0x100033e8   0x100033e8   0x00000170   Code   RO           16    .text.main          main.o
    0x10003558   0x10003558   0x000001f6   Code   RO          591    .text_divfast       c_p.l(aeabi_sdivfast.o)
    0x1000374e   0x1000374e   0x0000000e   Code   RO          576    i._is_digit         c_p.l(__printf_wp.o)
    0x1000375c   0x1000375c   0x00000020   Code   RO          654    i.fputc             c_p.l(fputc.o)
    0x1000377c   0x1000377c   0x00000028   Data   RO          549    .constdata          c_p.l(_printf_hex_int.o)
    0x100037a4   0x100037a4   0x00000011   Data   RO          579    .constdata          c_p.l(__printf_flags_wp.o)
    0x100037b5   0x100037b5   0x00000004   Data   RO          665    .constdata          c_p.l(sys_io_names.o)
    0x100037b9   0x100037b9   0x00000004   Data   RO          666    .constdata          c_p.l(sys_io_names.o)
    0x100037bd   0x100037bd   0x00000004   Data   RO          667    .constdata          c_p.l(sys_io_names.o)
    0x100037c1   0x100037c1   0x00000003   PAD
    0x100037c4   0x100037c4   0x00000028   Data   RO           47    .rodata.LED_PIN     led.o
    0x100037ec   0x100037ec   0x00000008   Data   RO          164    .rodata.PWM_CCU4_0_ch1_out0_config  lcd_pwm_vo.o
    0x100037f4   0x100037f4   0x00000050   Data   RO          165    .rodata.PWM_CCU4_0_config_handle  lcd_pwm_vo.o
    0x10003844   0x10003844   0x00000004   Data   RO          161    .rodata.PWM_CCU4_0_event0_config  lcd_pwm_vo.o
    0x10003848   0x10003848   0x00000004   Data   RO          162    .rodata.PWM_CCU4_0_event1_config  lcd_pwm_vo.o
    0x1000384c   0x1000384c   0x00000004   Data   RO          163    .rodata.PWM_CCU4_0_event2_config  lcd_pwm_vo.o
    0x10003850   0x10003850   0x00000008   Data   RO          160    .rodata.PWM_CCU4_0_timer_handle  lcd_pwm_vo.o
    0x10003858   0x10003858   0x00000004   Data   RO          118    .rodata.cst4        lcd2004.o
    0x1000385c   0x1000385c   0x00000043   Data   RO           26    .rodata.str1.1      main.o
    0x1000389f   0x1000389f   0x00000001   PAD
    0x100038a0   0x100038a0   0x0000000c   Data   RO           18    .rodata.uart_config  main.o
    0x100038ac   0x100038ac   0x00000020   Data   RO          984    Region$$Table       anon$$obj.o


    Execution Region RW_IRAM1 (Exec base: 0x20000000, Load base: 0x100038d0, Size: 0x000015b0, Max: 0x00003ffc, ABSOLUTE, COMPRESSED[0x00000100])

    Exec Addr    Load Addr    Size         Type   Attr      Idx    E Section Name        Object

    0x20000000   COMPRESSED   0x00000180   Code   RW          507    .ARM.__at_0x20000000  startup_xmc1100.o
    0x20000180   COMPRESSED   0x00000004   Data   RW           22    .ClassB_data        main.o
    0x20000184   COMPRESSED   0x00000004   Data   RW          626    .data               c_p.l(stdio_streams.o)
    0x20000188   COMPRESSED   0x00000004   Data   RW          627    .data               c_p.l(stdio_streams.o)
    0x2000018c   COMPRESSED   0x00000004   Data   RW          628    .data               c_p.l(stdio_streams.o)
    0x20000190   COMPRESSED   0x00000010   Data   RW          159    .data.GLOBAL_CCU4_0  lcd_pwm_vo.o
    0x200001a0   COMPRESSED   0x00000028   Data   RW          166    .data.PWM_CCU4_0    lcd_pwm_vo.o
    0x200001c8   COMPRESSED   0x00000008   Data   RW           20    .data.init_rtc_time  main.o
    0x200001d0   COMPRESSED   0x00000054   Data   RW           25    .data.line          main.o
    0x20000224   COMPRESSED   0x00000014   Data   RW           19    .data.rtc_config    main.o
    0x20000238   COMPRESSED   0x00000004   Data   RW          524    .no_init            system_xmc1100.o
    0x2000023c   COMPRESSED   0x00000004   PAD
    0x20000240        -       0x00000054   Zero   RW          623    .bss                c_p.l(stdio_streams.o)
    0x20000294        -       0x00000054   Zero   RW          624    .bss                c_p.l(stdio_streams.o)
    0x200002e8        -       0x00000054   Zero   RW          625    .bss                c_p.l(stdio_streams.o)
    0x2000033c        -       0x00000060   Zero   RW          832    .bss                c_p.l(libspace.o)
    0x2000039c        -       0x00000004   Zero   RW           27    .bss.g_Ticks        main.o
    0x200003a0        -       0x00000008   Zero   RW           24    .bss.uart_rx        main.o
    0x200003a8        -       0x00000008   Zero   RW           23    .bss.uart_tx        main.o
    0x200003b0        -       0x00000200   Zero   RW          504    HEAP                startup_xmc1100.o
    0x200005b0        -       0x00001000   Zero   RW          503    STACK               startup_xmc1100.o


==============================================================================

Image component sizes


      Code (inc. data)   RO Data    RW Data    ZI Data      Debug   Object Name

      1404         32          4          0          0      17235   lcd2004.o
       670          4        108         56          0      19272   lcd_pwm_vo.o
       144         16         40          0          0       3721   led.o
       568        104         79        116         20      12081   main.o
       452        226         24          0       4608        804   startup_xmc1100.o
       100         24          0          4          0       1934   system_xmc1100.o
       588        400          0          0          0       3094   xmc1100_it.o
       128          4          0          0          0       3552   xmc1_gpio.o
        88          4          0          0          0       4093   xmc1_rtc.o
       300         28          0          0          0      11383   xmc1_scu.o
       662         72          0          0          0      17649   xmc_ccu4.o
        32          0          0          0          0       3162   xmc_gpio.o
        92         12          0          0          0       7188   xmc_rtc.o
       136          8          0          0          0       6861   xmc_uart.o
       440         28          0          0          0      12821   xmc_usic.o

    ----------------------------------------------------------------------
      5808        962        288        176       4632     124850   Object Totals
         0          0         32          0          0          0   (incl. Generated)
         4          0          1          0          4          0   (incl. Padding)

    ----------------------------------------------------------------------

      Code (inc. data)   RO Data    RW Data    ZI Data      Debug   Library Member Name

        86          0          0          0          0          0   __dczerorl2.o
         8          0          0          0          0         68   __main.o
       312          6         17          0          0         76   __printf_flags_wp.o
        14          0          0          0          0         60   __printf_wp.o
         0          0          0          0          0          0   __rtentry.o
        12          0          0          0          0          0   __rtentry2.o
         6          0          0          0          0          0   __rtentry4.o
        86         10          0          0          0          0   __scatter.o
        28          0          0          0          0          0   __scatter_zi.o
        46          0          0          0          0        100   _printf_char.o
        48          6          0          0          0         88   _printf_char_common.o
        40          6          0          0          0         72   _printf_char_file.o
       108         18          0          0          0         76   _printf_dec.o
        88          4         40          0          0         72   _printf_hex_int.o
       176          0          0          0          0         84   _printf_intcommon.o
        78          0          0          0          0        100   _printf_pad.o
         2          0          0          0          0          0   _printf_percent.o
         4          0          0          0          0          0   _printf_percent_end.o
        10          0          0          0          0          0   _printf_s.o
        82          0          0          0          0         72   _printf_str.o
        10          0          0          0          0          0   _printf_u.o
        10          0          0          0          0          0   _printf_x.o
       502          0          0          0          0         92   aeabi_sdivfast.o
        12          0          0          0          0         68   defsig_exit.o
        52          0          0          0          0         72   defsig_general.o
        80         58          0          0          0         68   defsig_rtmem_inner.o
        12          0          0          0          0         68   defsig_rtmem_outer.o
        52         38          0          0          0         68   defsig_rtred_inner.o
        12          0          0          0          0         68   defsig_rtred_outer.o
        16          0          0          0          0         68   exit.o
        72          0          0          0          0         76   fclose.o
         8          0          0          0          0         60   ferror.o
       500         10          0          0          0         76   flsbuf.o
       240         10          0          0          0        108   fopen.o
        32          0          0          0          0         68   fputc.o
       244          4          0          0          0         76   fseek.o
        66          0          0          0          0         68   ftell.o
        98          0          0          0          0         72   h1_alloc.o
        52          0          0          0          0         68   h1_extend.o
        76          0          0          0          0         72   h1_free.o
        12          0          0          0          0         76   h1_init.o
         6          0          0          0          0        136   heapauxi.o
         4          0          0          0          0        120   hguard.o
         0          0          0          0          0          0   indicate_semi.o
       136          0          0          0          0        160   init_alloc.o
       316         44          0          0          0         96   initio.o
         2          0          0          0          0          0   libinit.o
        14          0          0          0          0          0   libinit2.o
         2          0          0          0          0          0   libshutdown.o
         6          0          0          0          0          0   libshutdown2.o
         8          4          0          0         96         68   libspace.o
         0          0          0          0          0          0   maybetermalloc1.o
        28          6          0          0          0         84   noretval__2printf.o
         8          4          0          0          0         68   rt_errno_addr_intlibspace.o
         8          4          0          0          0         68   rt_heap_descriptor_intlibspace.o
        64          0          0          0          0        108   rt_memclr.o
         2          0          0          0          0          0   rtexit.o
        10          0          0          0          0          0   rtexit2.o
        40          0          0          0          0         60   rtudiv10.o
        76          4          0          0          0         72   setvbuf.o
       268         14          0          0          0        152   stdio.o
         0          0          0         12        252          0   stdio_streams.o
        68          6          0          0          0         72   strlen.o
        12          4          0          0          0         60   sys_exit.o
       102          0          0          0          0        232   sys_io.o
         0          0         12          0          0          0   sys_io_names.o
        62          0          0          0          0         80   sys_stackheap_outer.o
        12          0          0          0          0         68   sys_wrch.o
         2          0          0          0          0         68   use_no_semi.o

    ----------------------------------------------------------------------
      4660        260         72         12        348       4032   Library Totals
        12          0          3          0          0          0   (incl. Padding)

    ----------------------------------------------------------------------

      Code (inc. data)   RO Data    RW Data    ZI Data      Debug   Library Name

      4648        260         69         12        348       4032   c_p.l

    ----------------------------------------------------------------------
      4660        260         72         12        348       4032   Library Totals

    ----------------------------------------------------------------------

==============================================================================


      Code (inc. data)   RO Data    RW Data    ZI Data      Debug   

     10468       1222        360        188       4980     126730   Grand Totals
     10468       1222        360        256       4980     126730   ELF Image Totals (compressed)
     10468       1222        360        256          0          0   ROM Totals

==============================================================================

    Total RO  Size (Code + RO Data)                10828 (  10.57kB)
    Total RW  Size (RW Data + ZI Data)              5168 (   5.05kB)
    Total ROM Size (Code + RO Data + RW Data)      11084 (  10.82kB)

==============================================================================

