


ARM Macro Assembler    Page 1 


    1 00000000         ;********************************************************
                       *********************************************************
                       ****
    2 00000000         ;* @file     startup_XMC1100.s
    3 00000000         ;* @brief    CMSIS Core Device Startup File for Infineon 
                       XMC1100 Device Series
    4 00000000         ;* @version  V1.4
    5 00000000         ;* @date     03 Sep 2015
    6 00000000         ;*
    7 00000000         ;* @cond
    8 00000000         ;********************************************************
                       *********************************************************
                       ****
    9 00000000         ;* Copyright (c) 2013-2016, Infineon Technologies AG
   10 00000000         ;* All rights reserved.                        
   11 00000000         ;*                                             
   12 00000000         ;* Redistribution and use in source and binary forms, wit
                       h or without modification,are permitted provided that the
                        
   13 00000000         ;* following conditions are met:   
   14 00000000         ;*                                                       
                                              
   15 00000000         ;* Redistributions of source code must retain the above c
                       opyright notice, this list of conditions and the followin
                       g 
   16 00000000         ;* disclaimer.                        
   17 00000000         ;* 
   18 00000000         ;* Redistributions in binary form must reproduce the abov
                       e copyright notice, this list of conditions and the follo
                       wing 
   19 00000000         ;* disclaimer in the documentation and/or other materials
                        provided with the distribution.                       
   20 00000000         ;* 
   21 00000000         ;* Neither the name of the copyright holders nor the name
                       s of its contributors may be used to endorse or promote 
   22 00000000         ;* products derived from this software without specific p
                       rior written permission.                                 
                                 
   23 00000000         ;*                                                       
                                              
   24 00000000         ;* THIS SOFTWARE IS PROVIDED BY THE COPYRIGHT HOLDERS AND
                        CONTRIBUTORS "AS IS" AND ANY EXPRESS OR IMPLIED WARRANTI
                       ES, 
   25 00000000         ;* INCLUDING, BUT NOT LIMITED TO, THE IMPLIED WARRANTIES 
                       OF MERCHANTABILITY AND FITNESS FOR A PARTICULAR PURPOSE A
                       RE  
   26 00000000         ;* DISCLAIMED. IN NO EVENT SHALL THE COPYRIGHT HOLDER OR 
                       CONTRIBUTORS BE LIABLE  FOR ANY DIRECT, INDIRECT, INCIDEN
                       TAL, 
   27 00000000         ;* SPECIAL, EXEMPLARY, OR CONSEQUENTIAL DAMAGES (INCLUDIN
                       G, BUT NOT LIMITED TO, PROCUREMENT OF SUBSTITUTE GOODS OR
                         
   28 00000000         ;* SERVICES; LOSS OF USE, DATA, OR PROFITS; OR BUSINESS I
                       NTERRUPTION) HOWEVER CAUSED AND ON ANY THEORY OF LIABILIT
                       Y, 
   29 00000000         ;* WHETHER IN CONTRACT, STRICT LIABILITY,OR TORT (INCLUDI
                       NG NEGLIGENCE OR OTHERWISE) ARISING IN ANY WAY OUT OF THE
                        USE 
   30 00000000         ;* OF THIS SOFTWARE, EVEN IF ADVISED OF THE POSSIBILITY O



ARM Macro Assembler    Page 2 


                       F SUCH DAMAGE.                                           
                              
   31 00000000         ;*                                                       
                                              
   32 00000000         ;* To improve the quality of the software, users are enco
                       uraged to share modifications, enhancements or bug fixes 
                       with 
   33 00000000         ;* Infineon Technologies AG dave@infineon.com).          
                                                                       
   34 00000000         ;********************************************************
                       *********************************************************
                       ****
   35 00000000         ;*
   36 00000000         ;**************************** Change history ************
                       ********************
   37 00000000         ;* V1.0, Jan, 21, 2013 TYS:Startup file for XMC1
   38 00000000         ;* V1.1, Jul, 17, 2013 TYS:remove redundant vector table
   39 00000000         ;* V1.2, Nov, 25, 2014 JFT:Removed DAVE3 dependency. 
   40 00000000         ;*                         Default handler used for all I
                       RQs
   41 00000000         ;* V1.3, Dec, 11, 2014 JFT:Default clocking changed, MCLK
                       =32MHz and PCLK=64MHz
   42 00000000         ;* V1.4, Sep, 03, 2015 JFT:SSW default clocking changed, 
                       MCLK=8MHz and PCLK=16MHz avoid problems with BMI tool tim
                       eout
   43 00000000         ;*
   44 00000000         ;* @endcond 
   45 00000000         ;*
   46 00000000         
   47 00000000         ; ------------------ <<< Use Configuration Wizard in Cont
                       ext Menu >>> ------------------
   48 00000000         
   49 00000000         
   50 00000000         ; <h> Stack Configuration
   51 00000000         ;   <o> Stack Size (in Bytes) <0x0-0xFFFFFFFF:8>
   52 00000000         ; </h>
   53 00000000         
   54 00000000 00001000 
                       Stack_Size
                               EQU              0x00001000
   55 00000000         
   56 00000000                 AREA             STACK, NOINIT, READWRITE, ALIGN=
3
   57 00000000         Stack_Mem
                               SPACE            Stack_Size
   58 00001000         __initial_sp
   59 00001000         
   60 00001000         
   61 00001000         ; <h> Heap Configuration
   62 00001000         ;   <o>  Heap Size (in Bytes) <0x0-0xFFFFFFFF:8>
   63 00001000         ; </h>
   64 00001000         
   65 00001000 00000200 
                       Heap_Size
                               EQU              0x00000200
   66 00001000         
   67 00001000                 AREA             HEAP, NOINIT, READWRITE, ALIGN=3
   68 00000000         __heap_base
   69 00000000         Heap_Mem



ARM Macro Assembler    Page 3 


                               SPACE            Heap_Size
   70 00000200         __heap_limit
   71 00000200         
   72 00000200         ; <h> Clock system handling by SSW
   73 00000200         ;   <h> CLK_VAL1 Configuration
   74 00000200         ;    <o0.0..7>    FDIV Fractional Divider Selection
   75 00000200         ;    <i> Deafult: 0. Fractional part of clock divider, MC
                       LK = DCO1 / (2 x (IDIV + (FDIV / 256)))
   76 00000200         ;    <o0.8..15>   IDIV Divider Selection (limited to 1-16
                       )
   77 00000200         ;                    <0=> Divider is bypassed
   78 00000200         ;                    <1=> MCLK = 32 MHz
   79 00000200         ;                    <2=> MCLK = 16 MHz
   80 00000200         ;                    <3=> MCLK = 10.67 MHz
   81 00000200         ;                    <4=> MCLK = 8 MHz
   82 00000200         ;                    <254=> MCLK = 126 kHz
   83 00000200         ;                    <255=> MCLK = 125.5 kHz
   84 00000200         ;    <i> Deafult: 4. Interger part of clock divider, MCLK
                        = DCO1 / (2 x (IDIV + (FDIV / 256))) = 8MHz
   85 00000200         ;    <o0.16>      PCLKSEL PCLK Clock Select
   86 00000200         ;                    <0=> PCLK = MCLK
   87 00000200         ;                    <1=> PCLK = 2 x MCLK
   88 00000200         ;    <i> Deafult: 2 x MCLK
   89 00000200         ;    <o0.17..19>  RTCCLKSEL RTC Clock Select
   90 00000200         ;                    <0=> 32.768kHz standby clock
   91 00000200         ;                    <1=> 32.768kHz external clock from E
                       RU0.IOUT0
   92 00000200         ;                    <2=> 32.768kHz external clock from A
                       CMP0.OUT
   93 00000200         ;                    <3=> 32.768kHz external clock from A
                       CMP1.OUT
   94 00000200         ;                    <4=> 32.768kHz external clock from A
                       CMP2.OUT
   95 00000200         ;                    <5=> Reserved
   96 00000200         ;                    <6=> Reserved
   97 00000200         ;                    <7=> Reserved
   98 00000200         ;    <i> Deafult: 32.768kHz standby clock 
   99 00000200         ;    <o0.31>      do not move CLK_VAL1 to SCU_CLKCR[0..19
                       ]
  100 00000200         ;   </h>
  101 00000200 00000000 
                       CLK_VAL1_Val
                               EQU              0x00000000
  102 00000200         
  103 00000200         ;   <h> CLK_VAL2 Configuration
  104 00000200         ;    <o0.0>    disable VADC and SHS Gating
  105 00000200         ;    <o0.1>    disable CCU80 Gating
  106 00000200         ;    <o0.2>    disable CCU40 Gating
  107 00000200         ;    <o0.3>    disable USIC0 Gating
  108 00000200         ;    <o0.4>    disable BCCU0 Gating
  109 00000200         ;    <o0.5>    disable LEDTS0 Gating
  110 00000200         ;    <o0.6>    disable LEDTS1 Gating
  111 00000200         ;    <o0.7>    disable POSIF0 Gating
  112 00000200         ;    <o0.8>    disable MATH Gating
  113 00000200         ;    <o0.9>    disable WDT Gating
  114 00000200         ;    <o0.10>   disable RTC Gating
  115 00000200         ;    <o0.31>   do not move CLK_VAL2 to SCU_CGATCLR0[0..10
                       ]
  116 00000200         ;  </h>



ARM Macro Assembler    Page 4 


  117 00000200         ; *******************************************************
                       **********************/
  118 00000200 80000000 
                       CLK_VAL2_Val
                               EQU              0x80000000
  119 00000200         ; </h>
  120 00000200         
  121 00000200                 PRESERVE8
  122 00000200                 THUMB
  123 00000200         
  124 00000200         ; Vector Table Mapped to Address 0 at Reset
  125 00000200         
  126 00000200                 AREA             RESET, DATA, READONLY
  127 00000000                 EXPORT           __Vectors
  128 00000000                 EXPORT           __Vectors_End
  129 00000000                 EXPORT           __Vectors_Size
  130 00000000                 IMPORT           MemtestFunc
  131 00000000         
  132 00000000         
  133 00000000 00000000 
                       __Vectors
                               DCD              __initial_sp ; Top of Stack
  134 00000004         ;                DCD     Reset_Handler             ; Rese
                       t Handler
  135 00000004 00000000        DCD              MemtestFunc
  136 00000008 00000000        DCD              0           ; Reserved
  137 0000000C 00000000        DCD              0           ; Reserved
  138 00000010 00000000        DCD              CLK_VAL1_Val ; CLK_VAL1
  139 00000014 80000000        DCD              CLK_VAL2_Val ; CLK_VAL2
  140 00000018         __Vectors_End
  141 00000018         
  142 00000018 00000018 
                       __Vectors_Size
                               EQU              __Vectors_End - __Vectors
  143 00000018         
  144 00000018                 AREA             |.text|, CODE, READONLY
  145 00000000         
  146 00000000         
  147 00000000         ; Reset Handler
  148 00000000         
  149 00000000         Reset_Handler
                               PROC
  150 00000000                 EXPORT           Reset_Handler             [WEAK]
  151 00000000                 IMPORT           SystemInit
  152 00000000                 IMPORT           __main
  153 00000000         
  154 00000000         ; Following code initializes the Veneers at address 0x200
                       00000 with a "branch to itself"
  155 00000000         ; The real veneers will be copied later from the scatter 
                       loader before reaching main.
  156 00000000         ; This init code should handle an exception before the re
                       al veneers are copied.
  157 00000000 20000000 
                       SRAM_BASE
                               EQU              0x20000000
  158 00000000 E7FEBF00 
                       VENEER_INIT_CODE
                               EQU              0xE7FEBF00  ; NOP, B .
  159 00000000         



ARM Macro Assembler    Page 5 


  160 00000000 4908            LDR              R1, =SRAM_BASE
  161 00000002 4A09            LDR              R2, =VENEER_INIT_CODE
  162 00000004 2030            MOVS             R0, #48     ; Veneer 0..47
  163 00000006         Init_Veneers
  164 00000006 600A            STR              R2, [R1]
  165 00000008 3104            ADDS             R1, #4
  166 0000000A 1E40            SUBS             R0, R0, #1
  167 0000000C D1FB            BNE              Init_Veneers
  168 0000000E         
  169 0000000E 4807            LDR              R0, =SystemInit
  170 00000010 4780            BLX              R0
  171 00000012 4807            LDR              R0, =__main
  172 00000014 4700            BX               R0
  173 00000016                 ENDP
  174 00000016         
  175 00000016         Default_Handler
                               PROC
  176 00000016         
  177 00000016                 EXPORT           HardFault_Handler       [WEAK]
  178 00000016                 EXPORT           SVC_Handler             [WEAK]
  179 00000016                 EXPORT           PendSV_Handler          [WEAK]
  180 00000016                 EXPORT           SysTick_Handler         [WEAK]
  181 00000016                 EXPORT           SCU_0_IRQHandler        [WEAK]
  182 00000016                 EXPORT           SCU_1_IRQHandler        [WEAK]
  183 00000016                 EXPORT           SCU_2_IRQHandler        [WEAK]
  184 00000016                 EXPORT           ERU0_0_IRQHandler       [WEAK]
  185 00000016                 EXPORT           ERU0_1_IRQHandler       [WEAK]
  186 00000016                 EXPORT           ERU0_2_IRQHandler       [WEAK]
  187 00000016                 EXPORT           ERU0_3_IRQHandler       [WEAK]
  188 00000016                 EXPORT           USIC0_0_IRQHandler      [WEAK]
  189 00000016                 EXPORT           USIC0_1_IRQHandler      [WEAK]
  190 00000016                 EXPORT           USIC0_2_IRQHandler      [WEAK]
  191 00000016                 EXPORT           USIC0_3_IRQHandler      [WEAK]
  192 00000016                 EXPORT           USIC0_4_IRQHandler      [WEAK]
  193 00000016                 EXPORT           USIC0_5_IRQHandler      [WEAK]
  194 00000016                 EXPORT           VADC0_C0_0_IRQHandler   [WEAK]
  195 00000016                 EXPORT           VADC0_C0_1_IRQHandler   [WEAK]
  196 00000016                 EXPORT           CCU40_0_IRQHandler      [WEAK]
  197 00000016                 EXPORT           CCU40_1_IRQHandler      [WEAK]
  198 00000016                 EXPORT           CCU40_2_IRQHandler      [WEAK]
  199 00000016                 EXPORT           CCU40_3_IRQHandler      [WEAK]
  200 00000016         
  201 00000016         HardFault_Handler
  202 00000016         SVC_Handler
  203 00000016         PendSV_Handler
  204 00000016         SysTick_Handler
  205 00000016         SCU_0_IRQHandler
  206 00000016         SCU_1_IRQHandler
  207 00000016         SCU_2_IRQHandler
  208 00000016         ERU0_0_IRQHandler
  209 00000016         ERU0_1_IRQHandler
  210 00000016         ERU0_2_IRQHandler
  211 00000016         ERU0_3_IRQHandler
  212 00000016         USIC0_0_IRQHandler
  213 00000016         USIC0_1_IRQHandler
  214 00000016         USIC0_2_IRQHandler
  215 00000016         USIC0_3_IRQHandler
  216 00000016         USIC0_4_IRQHandler
  217 00000016         USIC0_5_IRQHandler



ARM Macro Assembler    Page 6 


  218 00000016         VADC0_C0_0_IRQHandler
  219 00000016         VADC0_C0_1_IRQHandler
  220 00000016         CCU40_0_IRQHandler
  221 00000016         CCU40_1_IRQHandler
  222 00000016         CCU40_2_IRQHandler
  223 00000016         CCU40_3_IRQHandler
  224 00000016 E7FE            B                .
  225 00000018         
  226 00000018                 ENDP
  227 00000018         
  228 00000018         
  229 00000018                 ALIGN
  230 00000018         
  231 00000018         
  232 00000018         ; User Initial Stack & Heap
  233 00000018         
  234 00000018                 IF               :DEF:__MICROLIB
  241 00000018         
  242 00000018                 IMPORT           __use_two_region_memory
  243 00000018                 EXPORT           __user_initial_stackheap
  244 00000018         
  245 00000018         __user_initial_stackheap
                               PROC
  246 00000018 4806            LDR              R0, =  Heap_Mem
  247 0000001A 4907            LDR              R1, =(Stack_Mem + Stack_Size)
  248 0000001C 4A07            LDR              R2, = (Heap_Mem +  Heap_Size)
  249 0000001E 4B08            LDR              R3, = Stack_Mem
  250 00000020 4770            BX               LR
  251 00000022                 ENDP
  252 00000022         
  253 00000022 00 00           ALIGN
  254 00000024         
  255 00000024                 ENDIF
  256 00000024         
  257 00000024         
  258 00000024         ;* ================== START OF INTERRUPT HANDLER VENEERS 
                       ==================== */
  259 00000024         ; Veneers are located to fix SRAM Address 0x2000'0000
  260 00000024 20000000 
              E7FEBF00 
              00000000 
              00000000 
              00000000 
              00001000 
              00000200 
              00000000         AREA             |.ARM.__at_0x20000000|, CODE, RE
ADWRITE
  261 00000000         
  262 00000000         ; Each Veneer has exactly a lengs of 4 Byte
  263 00000000         
  264 00000000                 MACRO
  265 00000000                 STAYHERE         $IrqNumber
  266 00000000                 LDR              R0, =$IrqNumber
  267 00000000                 B                .
  268 00000000                 MEND
  269 00000000         
  270 00000000                 MACRO
  271 00000000                 JUMPTO           $Handler
  272 00000000                 LDR              R0, =$Handler



ARM Macro Assembler    Page 7 


  273 00000000                 BX               R0
  274 00000000                 MEND
  275 00000000         
  276 00000000                 STAYHERE         0x0         ;* Reserved
  266 00000000 482F            LDR              R0, =0x0
  267 00000002 E7FE            B                .
  277 00000004                 STAYHERE         0x1         ;* Reserved 
  266 00000004 482F            LDR              R0, =0x1
  267 00000006 E7FE            B                .
  278 00000008                 STAYHERE         0x2         ;* Reserved 
  266 00000008 482F            LDR              R0, =0x2
  267 0000000A E7FE            B                .
  279 0000000C                 JUMPTO           HardFault_Handler ;* HardFault V
                                                            eneer  
  272 0000000C 482F            LDR              R0, =HardFault_Handler
  273 0000000E 4700            BX               R0
  280 00000010                 STAYHERE         0x4         ;* Reserved 
  266 00000010 482F            LDR              R0, =0x4
  267 00000012 E7FE            B                .
  281 00000014                 STAYHERE         0x5         ;* Reserved 
  266 00000014 482F            LDR              R0, =0x5
  267 00000016 E7FE            B                .
  282 00000018                 STAYHERE         0x6         ;* Reserved 
  266 00000018 482F            LDR              R0, =0x6
  267 0000001A E7FE            B                .
  283 0000001C                 STAYHERE         0x7         ;* Reserved 
  266 0000001C 482F            LDR              R0, =0x7
  267 0000001E E7FE            B                .
  284 00000020                 STAYHERE         0x8         ;* Reserved 
  266 00000020 482F            LDR              R0, =0x8
  267 00000022 E7FE            B                .
  285 00000024                 STAYHERE         0x9         ;* Reserved 
  266 00000024 482F            LDR              R0, =0x9
  267 00000026 E7FE            B                .
  286 00000028                 STAYHERE         0xA         ;* Reserved
  266 00000028 482F            LDR              R0, =0xA
  267 0000002A E7FE            B                .
  287 0000002C                 JUMPTO           SVC_Handler ;* SVC Veneer       
                                                             
  272 0000002C 482F            LDR              R0, =SVC_Handler
  273 0000002E 4700            BX               R0
  288 00000030                 STAYHERE         0xC         ;* Reserved
  266 00000030 482F            LDR              R0, =0xC
  267 00000032 E7FE            B                .
  289 00000034                 STAYHERE         0xD         ;* Reserved
  266 00000034 482F            LDR              R0, =0xD
  267 00000036 E7FE            B                .
  290 00000038                 JUMPTO           PendSV_Handler ;* PendSV Veneer 
                                                                
  272 00000038 482F            LDR              R0, =PendSV_Handler
  273 0000003A 4700            BX               R0
  291 0000003C                 JUMPTO           SysTick_Handler ;* SysTick Venee
                                                            r    
  272 0000003C 482F            LDR              R0, =SysTick_Handler
  273 0000003E 4700            BX               R0
  292 00000040                 JUMPTO           SCU_0_IRQHandler ;* SCU_0 Veneer
                                                                  
  272 00000040 482F            LDR              R0, =SCU_0_IRQHandler
  273 00000042 4700            BX               R0



ARM Macro Assembler    Page 8 


  293 00000044                 JUMPTO           SCU_1_IRQHandler ;* SCU_1 Veneer
                                                                  
  272 00000044 482F            LDR              R0, =SCU_1_IRQHandler
  273 00000046 4700            BX               R0
  294 00000048                 JUMPTO           SCU_2_IRQHandler ;* SCU_2 Veneer
                                                                  
  272 00000048 482F            LDR              R0, =SCU_2_IRQHandler
  273 0000004A 4700            BX               R0
  295 0000004C                 JUMPTO           ERU0_0_IRQHandler ;* SCU_3 Venee
                                                            r      
  272 0000004C 482F            LDR              R0, =ERU0_0_IRQHandler
  273 0000004E 4700            BX               R0
  296 00000050                 JUMPTO           ERU0_1_IRQHandler ;* SCU_4 Venee
                                                            r      
  272 00000050 482F            LDR              R0, =ERU0_1_IRQHandler
  273 00000052 4700            BX               R0
  297 00000054                 JUMPTO           ERU0_2_IRQHandler ;* SCU_5 Venee
                                                            r      
  272 00000054 482F            LDR              R0, =ERU0_2_IRQHandler
  273 00000056 4700            BX               R0
  298 00000058                 JUMPTO           ERU0_3_IRQHandler ;* SCU_6 Venee
                                                            r      
  272 00000058 482F            LDR              R0, =ERU0_3_IRQHandler
  273 0000005A 4700            BX               R0
  299 0000005C                 STAYHERE         0x17        ;* Reserved  
  266 0000005C 482F            LDR              R0, =0x17
  267 0000005E E7FE            B                .
  300 00000060                 STAYHERE         0x18        ;* Reserved
  266 00000060 482F            LDR              R0, =0x18
  267 00000062 E7FE            B                .
  301 00000064                 JUMPTO           USIC0_0_IRQHandler ;* USIC0_0 Ve
                                                            neer    
  272 00000064 482F            LDR              R0, =USIC0_0_IRQHandler
  273 00000066 4700            BX               R0
  302 00000068                 JUMPTO           USIC0_1_IRQHandler ;* USIC0_1 Ve
                                                            neer    
  272 00000068 482F            LDR              R0, =USIC0_1_IRQHandler
  273 0000006A 4700            BX               R0
  303 0000006C                 JUMPTO           USIC0_2_IRQHandler ;* USIC0_2 Ve
                                                            neer    
  272 0000006C 482F            LDR              R0, =USIC0_2_IRQHandler
  273 0000006E 4700            BX               R0
  304 00000070                 JUMPTO           USIC0_3_IRQHandler ;* USIC0_3 Ve
                                                            neer    
  272 00000070 482F            LDR              R0, =USIC0_3_IRQHandler
  273 00000072 4700            BX               R0
  305 00000074                 JUMPTO           USIC0_4_IRQHandler ;* USIC0_4 Ve
                                                            neer    
  272 00000074 482F            LDR              R0, =USIC0_4_IRQHandler
  273 00000076 4700            BX               R0
  306 00000078                 JUMPTO           USIC0_5_IRQHandler ;* USIC0_5 Ve
                                                            neer    
  272 00000078 482F            LDR              R0, =USIC0_5_IRQHandler
  273 0000007A 4700            BX               R0
  307 0000007C                 JUMPTO           VADC0_C0_0_IRQHandler ;* VADC0_C
                                                            0_0 Veneer 
  272 0000007C 482F            LDR              R0, =VADC0_C0_0_IRQHandler
  273 0000007E 4700            BX               R0
  308 00000080                 JUMPTO           VADC0_C0_1_IRQHandler ;* VADC0_C



ARM Macro Assembler    Page 9 


                                                            0_1 Veneer 
  272 00000080 482F            LDR              R0, =VADC0_C0_1_IRQHandler
  273 00000082 4700            BX               R0
  309 00000084                 STAYHERE         0x21        ;* Reserved
  266 00000084 482F            LDR              R0, =0x21
  267 00000086 E7FE            B                .
  310 00000088                 STAYHERE         0x22        ;* Reserved
  266 00000088 482F            LDR              R0, =0x22
  267 0000008A E7FE            B                .
  311 0000008C                 STAYHERE         0x23        ;* Reserved
  266 0000008C 482F            LDR              R0, =0x23
  267 0000008E E7FE            B                .
  312 00000090                 STAYHERE         0x24        ;* Reserved
  266 00000090 482F            LDR              R0, =0x24
  267 00000092 E7FE            B                .
  313 00000094                 JUMPTO           CCU40_0_IRQHandler ;* CCU40_0 Ve
                                                            neer    
  272 00000094 482F            LDR              R0, =CCU40_0_IRQHandler
  273 00000096 4700            BX               R0
  314 00000098                 JUMPTO           CCU40_1_IRQHandler ;* CCU40_1 Ve
                                                            neer    
  272 00000098 482F            LDR              R0, =CCU40_1_IRQHandler
  273 0000009A 4700            BX               R0
  315 0000009C                 JUMPTO           CCU40_2_IRQHandler ;* CCU40_2 Ve
                                                            neer    
  272 0000009C 482F            LDR              R0, =CCU40_2_IRQHandler
  273 0000009E 4700            BX               R0
  316 000000A0                 JUMPTO           CCU40_3_IRQHandler ;* CCU40_3 Ve
                                                            neer    
  272 000000A0 482F            LDR              R0, =CCU40_3_IRQHandler
  273 000000A2 4700            BX               R0
  317 000000A4                 STAYHERE         0x29        ;* Reserved 
  266 000000A4 482F            LDR              R0, =0x29
  267 000000A6 E7FE            B                .
  318 000000A8                 STAYHERE         0x2A        ;* Reserved  
  266 000000A8 482F            LDR              R0, =0x2A
  267 000000AA E7FE            B                .
  319 000000AC                 STAYHERE         0x2B        ;* Reserved 
  266 000000AC 482F            LDR              R0, =0x2B
  267 000000AE E7FE            B                .
  320 000000B0                 STAYHERE         0x2C        ;* Reserved
  266 000000B0 482F            LDR              R0, =0x2C
  267 000000B2 E7FE            B                .
  321 000000B4                 STAYHERE         0x2D        ;* Reserved
  266 000000B4 482F            LDR              R0, =0x2D
  267 000000B6 E7FE            B                .
  322 000000B8                 STAYHERE         0x2E        ;* Reserved
  266 000000B8 482F            LDR              R0, =0x2E
  267 000000BA E7FE            B                .
  323 000000BC                 STAYHERE         0x2F        ;* Reserved
  266 000000BC 482F            LDR              R0, =0x2F
  267 000000BE E7FE            B                .
  324 000000C0         
  325 000000C0                 ALIGN
  326 000000C0         
  327 000000C0         ;* ================== END OF INTERRUPT HANDLER VENEERS ==
                       ==================== */
  328 000000C0         
  329 000000C0                 END



ARM Macro Assembler    Page 10 


              00000000 
              00000001 
              00000002 
              00000000 
              00000004 
              00000005 
              00000006 
              00000007 
              00000008 
              00000009 
              0000000A 
              00000000 
              0000000C 
              0000000D 
              00000000 
              00000000 
              00000000 
              00000000 
              00000000 
              00000000 
              00000000 
              00000000 
              00000000 
              00000017 
              00000018 
              00000000 
              00000000 
              00000000 
              00000000 
              00000000 
              00000000 
              00000000 
              00000000 
              00000021 
              00000022 
              00000023 
              00000024 
              00000000 
              00000000 
              00000000 
              00000000 
              00000029 
              0000002A 
              0000002B 
              0000002C 
              0000002D 
              0000002E 
              0000002F 
Command Line: --debug --xref --width=80 --diag_suppress=9931,A1950W --cpu=Cortex
-M0 --depend=.\objects\startup_xmc1100.d -o.\objects\startup_xmc1100.o -I.\RTE\_
lcm2004_4bit -ID:\Arm\Packs\ARM\CMSIS\6.3.0\CMSIS\Core\Include -ID:\Arm\Packs\In
fineon\XMC1000_DFP\2.12.0\Device\XMC1100_series\Include -ID:\Arm\Packs\Infineon\
XMC1000_DFP\2.12.0\Device\XMClib\inc --predefine="__UVISION_VERSION SETA 543" --
predefine="XMC1100_T038x0064 SETA 1" --predefine="_RTE_ SETA 1" --list=.\listing
s\startup_xmc1100.lst RTE/Device/XMC1100-T038x0064/startup_XMC1100.s



ARM Macro Assembler    Page 1 Alphabetic symbol ordering
Relocatable symbols

STACK 00000000

Symbol: STACK
   Definitions
      At line 56 in file RTE/Device/XMC1100-T038x0064/startup_XMC1100.s
   Uses
      None
Comment: STACK unused
Stack_Mem 00000000

Symbol: Stack_Mem
   Definitions
      At line 57 in file RTE/Device/XMC1100-T038x0064/startup_XMC1100.s
   Uses
      At line 247 in file RTE/Device/XMC1100-T038x0064/startup_XMC1100.s
      At line 249 in file RTE/Device/XMC1100-T038x0064/startup_XMC1100.s

__initial_sp 00001000

Symbol: __initial_sp
   Definitions
      At line 58 in file RTE/Device/XMC1100-T038x0064/startup_XMC1100.s
   Uses
      At line 133 in file RTE/Device/XMC1100-T038x0064/startup_XMC1100.s
Comment: __initial_sp used once
3 symbols



ARM Macro Assembler    Page 1 Alphabetic symbol ordering
Relocatable symbols

HEAP 00000000

Symbol: HEAP
   Definitions
      At line 67 in file RTE/Device/XMC1100-T038x0064/startup_XMC1100.s
   Uses
      None
Comment: HEAP unused
Heap_Mem 00000000

Symbol: Heap_Mem
   Definitions
      At line 69 in file RTE/Device/XMC1100-T038x0064/startup_XMC1100.s
   Uses
      At line 246 in file RTE/Device/XMC1100-T038x0064/startup_XMC1100.s
      At line 248 in file RTE/Device/XMC1100-T038x0064/startup_XMC1100.s

__heap_base 00000000

Symbol: __heap_base
   Definitions
      At line 68 in file RTE/Device/XMC1100-T038x0064/startup_XMC1100.s
   Uses
      None
Comment: __heap_base unused
__heap_limit 00000200

Symbol: __heap_limit
   Definitions
      At line 70 in file RTE/Device/XMC1100-T038x0064/startup_XMC1100.s
   Uses
      None
Comment: __heap_limit unused
4 symbols



ARM Macro Assembler    Page 1 Alphabetic symbol ordering
Relocatable symbols

RESET 00000000

Symbol: RESET
   Definitions
      At line 126 in file RTE/Device/XMC1100-T038x0064/startup_XMC1100.s
   Uses
      None
Comment: RESET unused
__Vectors 00000000

Symbol: __Vectors
   Definitions
      At line 133 in file RTE/Device/XMC1100-T038x0064/startup_XMC1100.s
   Uses
      At line 127 in file RTE/Device/XMC1100-T038x0064/startup_XMC1100.s
      At line 142 in file RTE/Device/XMC1100-T038x0064/startup_XMC1100.s

__Vectors_End 00000018

Symbol: __Vectors_End
   Definitions
      At line 140 in file RTE/Device/XMC1100-T038x0064/startup_XMC1100.s
   Uses
      At line 128 in file RTE/Device/XMC1100-T038x0064/startup_XMC1100.s
      At line 142 in file RTE/Device/XMC1100-T038x0064/startup_XMC1100.s

3 symbols



ARM Macro Assembler    Page 1 Alphabetic symbol ordering
Relocatable symbols

.text 00000000

Symbol: .text
   Definitions
      At line 144 in file RTE/Device/XMC1100-T038x0064/startup_XMC1100.s
   Uses
      None
Comment: .text unused
CCU40_0_IRQHandler 00000016

Symbol: CCU40_0_IRQHandler
   Definitions
      At line 220 in file RTE/Device/XMC1100-T038x0064/startup_XMC1100.s
   Uses
      At line 196 in file RTE/Device/XMC1100-T038x0064/startup_XMC1100.s
      At line 272 in macro JUMPTO
      at line 313 in file RTE/Device/XMC1100-T038x0064/startup_XMC1100.s

CCU40_1_IRQHandler 00000016

Symbol: CCU40_1_IRQHandler
   Definitions
      At line 221 in file RTE/Device/XMC1100-T038x0064/startup_XMC1100.s
   Uses
      At line 197 in file RTE/Device/XMC1100-T038x0064/startup_XMC1100.s
      At line 272 in macro JUMPTO
      at line 314 in file RTE/Device/XMC1100-T038x0064/startup_XMC1100.s

CCU40_2_IRQHandler 00000016

Symbol: CCU40_2_IRQHandler
   Definitions
      At line 222 in file RTE/Device/XMC1100-T038x0064/startup_XMC1100.s
   Uses
      At line 198 in file RTE/Device/XMC1100-T038x0064/startup_XMC1100.s
      At line 272 in macro JUMPTO
      at line 315 in file RTE/Device/XMC1100-T038x0064/startup_XMC1100.s

CCU40_3_IRQHandler 00000016

Symbol: CCU40_3_IRQHandler
   Definitions
      At line 223 in file RTE/Device/XMC1100-T038x0064/startup_XMC1100.s
   Uses
      At line 199 in file RTE/Device/XMC1100-T038x0064/startup_XMC1100.s
      At line 272 in macro JUMPTO
      at line 316 in file RTE/Device/XMC1100-T038x0064/startup_XMC1100.s

Default_Handler 00000016

Symbol: Default_Handler
   Definitions
      At line 175 in file RTE/Device/XMC1100-T038x0064/startup_XMC1100.s
   Uses
      None
Comment: Default_Handler unused
ERU0_0_IRQHandler 00000016

Symbol: ERU0_0_IRQHandler



ARM Macro Assembler    Page 2 Alphabetic symbol ordering
Relocatable symbols

   Definitions
      At line 208 in file RTE/Device/XMC1100-T038x0064/startup_XMC1100.s
   Uses
      At line 184 in file RTE/Device/XMC1100-T038x0064/startup_XMC1100.s
      At line 272 in macro JUMPTO
      at line 295 in file RTE/Device/XMC1100-T038x0064/startup_XMC1100.s

ERU0_1_IRQHandler 00000016

Symbol: ERU0_1_IRQHandler
   Definitions
      At line 209 in file RTE/Device/XMC1100-T038x0064/startup_XMC1100.s
   Uses
      At line 185 in file RTE/Device/XMC1100-T038x0064/startup_XMC1100.s
      At line 272 in macro JUMPTO
      at line 296 in file RTE/Device/XMC1100-T038x0064/startup_XMC1100.s

ERU0_2_IRQHandler 00000016

Symbol: ERU0_2_IRQHandler
   Definitions
      At line 210 in file RTE/Device/XMC1100-T038x0064/startup_XMC1100.s
   Uses
      At line 186 in file RTE/Device/XMC1100-T038x0064/startup_XMC1100.s
      At line 272 in macro JUMPTO
      at line 297 in file RTE/Device/XMC1100-T038x0064/startup_XMC1100.s

ERU0_3_IRQHandler 00000016

Symbol: ERU0_3_IRQHandler
   Definitions
      At line 211 in file RTE/Device/XMC1100-T038x0064/startup_XMC1100.s
   Uses
      At line 187 in file RTE/Device/XMC1100-T038x0064/startup_XMC1100.s
      At line 272 in macro JUMPTO
      at line 298 in file RTE/Device/XMC1100-T038x0064/startup_XMC1100.s

HardFault_Handler 00000016

Symbol: HardFault_Handler
   Definitions
      At line 201 in file RTE/Device/XMC1100-T038x0064/startup_XMC1100.s
   Uses
      At line 177 in file RTE/Device/XMC1100-T038x0064/startup_XMC1100.s
      At line 272 in macro JUMPTO
      at line 279 in file RTE/Device/XMC1100-T038x0064/startup_XMC1100.s

Init_Veneers 00000006

Symbol: Init_Veneers
   Definitions
      At line 163 in file RTE/Device/XMC1100-T038x0064/startup_XMC1100.s
   Uses
      At line 167 in file RTE/Device/XMC1100-T038x0064/startup_XMC1100.s
Comment: Init_Veneers used once
PendSV_Handler 00000016

Symbol: PendSV_Handler
   Definitions



ARM Macro Assembler    Page 3 Alphabetic symbol ordering
Relocatable symbols

      At line 203 in file RTE/Device/XMC1100-T038x0064/startup_XMC1100.s
   Uses
      At line 179 in file RTE/Device/XMC1100-T038x0064/startup_XMC1100.s
      At line 272 in macro JUMPTO
      at line 290 in file RTE/Device/XMC1100-T038x0064/startup_XMC1100.s

Reset_Handler 00000000

Symbol: Reset_Handler
   Definitions
      At line 149 in file RTE/Device/XMC1100-T038x0064/startup_XMC1100.s
   Uses
      At line 150 in file RTE/Device/XMC1100-T038x0064/startup_XMC1100.s
Comment: Reset_Handler used once
SCU_0_IRQHandler 00000016

Symbol: SCU_0_IRQHandler
   Definitions
      At line 205 in file RTE/Device/XMC1100-T038x0064/startup_XMC1100.s
   Uses
      At line 181 in file RTE/Device/XMC1100-T038x0064/startup_XMC1100.s
      At line 272 in macro JUMPTO
      at line 292 in file RTE/Device/XMC1100-T038x0064/startup_XMC1100.s

SCU_1_IRQHandler 00000016

Symbol: SCU_1_IRQHandler
   Definitions
      At line 206 in file RTE/Device/XMC1100-T038x0064/startup_XMC1100.s
   Uses
      At line 182 in file RTE/Device/XMC1100-T038x0064/startup_XMC1100.s
      At line 272 in macro JUMPTO
      at line 293 in file RTE/Device/XMC1100-T038x0064/startup_XMC1100.s

SCU_2_IRQHandler 00000016

Symbol: SCU_2_IRQHandler
   Definitions
      At line 207 in file RTE/Device/XMC1100-T038x0064/startup_XMC1100.s
   Uses
      At line 183 in file RTE/Device/XMC1100-T038x0064/startup_XMC1100.s
      At line 272 in macro JUMPTO
      at line 294 in file RTE/Device/XMC1100-T038x0064/startup_XMC1100.s

SVC_Handler 00000016

Symbol: SVC_Handler
   Definitions
      At line 202 in file RTE/Device/XMC1100-T038x0064/startup_XMC1100.s
   Uses
      At line 178 in file RTE/Device/XMC1100-T038x0064/startup_XMC1100.s
      At line 272 in macro JUMPTO
      at line 287 in file RTE/Device/XMC1100-T038x0064/startup_XMC1100.s

SysTick_Handler 00000016

Symbol: SysTick_Handler
   Definitions
      At line 204 in file RTE/Device/XMC1100-T038x0064/startup_XMC1100.s



ARM Macro Assembler    Page 4 Alphabetic symbol ordering
Relocatable symbols

   Uses
      At line 180 in file RTE/Device/XMC1100-T038x0064/startup_XMC1100.s
      At line 272 in macro JUMPTO
      at line 291 in file RTE/Device/XMC1100-T038x0064/startup_XMC1100.s

USIC0_0_IRQHandler 00000016

Symbol: USIC0_0_IRQHandler
   Definitions
      At line 212 in file RTE/Device/XMC1100-T038x0064/startup_XMC1100.s
   Uses
      At line 188 in file RTE/Device/XMC1100-T038x0064/startup_XMC1100.s
      At line 272 in macro JUMPTO
      at line 301 in file RTE/Device/XMC1100-T038x0064/startup_XMC1100.s

USIC0_1_IRQHandler 00000016

Symbol: USIC0_1_IRQHandler
   Definitions
      At line 213 in file RTE/Device/XMC1100-T038x0064/startup_XMC1100.s
   Uses
      At line 189 in file RTE/Device/XMC1100-T038x0064/startup_XMC1100.s
      At line 272 in macro JUMPTO
      at line 302 in file RTE/Device/XMC1100-T038x0064/startup_XMC1100.s

USIC0_2_IRQHandler 00000016

Symbol: USIC0_2_IRQHandler
   Definitions
      At line 214 in file RTE/Device/XMC1100-T038x0064/startup_XMC1100.s
   Uses
      At line 190 in file RTE/Device/XMC1100-T038x0064/startup_XMC1100.s
      At line 272 in macro JUMPTO
      at line 303 in file RTE/Device/XMC1100-T038x0064/startup_XMC1100.s

USIC0_3_IRQHandler 00000016

Symbol: USIC0_3_IRQHandler
   Definitions
      At line 215 in file RTE/Device/XMC1100-T038x0064/startup_XMC1100.s
   Uses
      At line 191 in file RTE/Device/XMC1100-T038x0064/startup_XMC1100.s
      At line 272 in macro JUMPTO
      at line 304 in file RTE/Device/XMC1100-T038x0064/startup_XMC1100.s

USIC0_4_IRQHandler 00000016

Symbol: USIC0_4_IRQHandler
   Definitions
      At line 216 in file RTE/Device/XMC1100-T038x0064/startup_XMC1100.s
   Uses
      At line 192 in file RTE/Device/XMC1100-T038x0064/startup_XMC1100.s
      At line 272 in macro JUMPTO
      at line 305 in file RTE/Device/XMC1100-T038x0064/startup_XMC1100.s

USIC0_5_IRQHandler 00000016

Symbol: USIC0_5_IRQHandler
   Definitions



ARM Macro Assembler    Page 5 Alphabetic symbol ordering
Relocatable symbols

      At line 217 in file RTE/Device/XMC1100-T038x0064/startup_XMC1100.s
   Uses
      At line 193 in file RTE/Device/XMC1100-T038x0064/startup_XMC1100.s
      At line 272 in macro JUMPTO
      at line 306 in file RTE/Device/XMC1100-T038x0064/startup_XMC1100.s

VADC0_C0_0_IRQHandler 00000016

Symbol: VADC0_C0_0_IRQHandler
   Definitions
      At line 218 in file RTE/Device/XMC1100-T038x0064/startup_XMC1100.s
   Uses
      At line 194 in file RTE/Device/XMC1100-T038x0064/startup_XMC1100.s
      At line 272 in macro JUMPTO
      at line 307 in file RTE/Device/XMC1100-T038x0064/startup_XMC1100.s

VADC0_C0_1_IRQHandler 00000016

Symbol: VADC0_C0_1_IRQHandler
   Definitions
      At line 219 in file RTE/Device/XMC1100-T038x0064/startup_XMC1100.s
   Uses
      At line 195 in file RTE/Device/XMC1100-T038x0064/startup_XMC1100.s
      At line 272 in macro JUMPTO
      at line 308 in file RTE/Device/XMC1100-T038x0064/startup_XMC1100.s

__user_initial_stackheap 00000018

Symbol: __user_initial_stackheap
   Definitions
      At line 245 in file RTE/Device/XMC1100-T038x0064/startup_XMC1100.s
   Uses
      At line 243 in file RTE/Device/XMC1100-T038x0064/startup_XMC1100.s
Comment: __user_initial_stackheap used once
28 symbols



ARM Macro Assembler    Page 1 Alphabetic symbol ordering
Relocatable symbols

.ARM.__at_0x20000000 00000000

Symbol: .ARM.__at_0x20000000
   Definitions
      At line 260 in file RTE/Device/XMC1100-T038x0064/startup_XMC1100.s
   Uses
      None
Comment: .ARM.__at_0x20000000 unused
1 symbol



ARM Macro Assembler    Page 1 Alphabetic symbol ordering
Absolute symbols

CLK_VAL1_Val 00000000

Symbol: CLK_VAL1_Val
   Definitions
      At line 101 in file RTE/Device/XMC1100-T038x0064/startup_XMC1100.s
   Uses
      At line 138 in file RTE/Device/XMC1100-T038x0064/startup_XMC1100.s
Comment: CLK_VAL1_Val used once
CLK_VAL2_Val 80000000

Symbol: CLK_VAL2_Val
   Definitions
      At line 118 in file RTE/Device/XMC1100-T038x0064/startup_XMC1100.s
   Uses
      At line 139 in file RTE/Device/XMC1100-T038x0064/startup_XMC1100.s
Comment: CLK_VAL2_Val used once
Heap_Size 00000200

Symbol: Heap_Size
   Definitions
      At line 65 in file RTE/Device/XMC1100-T038x0064/startup_XMC1100.s
   Uses
      At line 69 in file RTE/Device/XMC1100-T038x0064/startup_XMC1100.s
      At line 248 in file RTE/Device/XMC1100-T038x0064/startup_XMC1100.s

SRAM_BASE 20000000

Symbol: SRAM_BASE
   Definitions
      At line 157 in file RTE/Device/XMC1100-T038x0064/startup_XMC1100.s
   Uses
      At line 160 in file RTE/Device/XMC1100-T038x0064/startup_XMC1100.s
Comment: SRAM_BASE used once
Stack_Size 00001000

Symbol: Stack_Size
   Definitions
      At line 54 in file RTE/Device/XMC1100-T038x0064/startup_XMC1100.s
   Uses
      At line 57 in file RTE/Device/XMC1100-T038x0064/startup_XMC1100.s
      At line 247 in file RTE/Device/XMC1100-T038x0064/startup_XMC1100.s

VENEER_INIT_CODE E7FEBF00

Symbol: VENEER_INIT_CODE
   Definitions
      At line 158 in file RTE/Device/XMC1100-T038x0064/startup_XMC1100.s
   Uses
      At line 161 in file RTE/Device/XMC1100-T038x0064/startup_XMC1100.s
Comment: VENEER_INIT_CODE used once
__Vectors_Size 00000018

Symbol: __Vectors_Size
   Definitions
      At line 142 in file RTE/Device/XMC1100-T038x0064/startup_XMC1100.s
   Uses
      At line 129 in file RTE/Device/XMC1100-T038x0064/startup_XMC1100.s
Comment: __Vectors_Size used once
7 symbols



ARM Macro Assembler    Page 1 Alphabetic symbol ordering
External symbols

MemtestFunc 00000000

Symbol: MemtestFunc
   Definitions
      At line 130 in file RTE/Device/XMC1100-T038x0064/startup_XMC1100.s
   Uses
      At line 135 in file RTE/Device/XMC1100-T038x0064/startup_XMC1100.s
Comment: MemtestFunc used once
SystemInit 00000000

Symbol: SystemInit
   Definitions
      At line 151 in file RTE/Device/XMC1100-T038x0064/startup_XMC1100.s
   Uses
      At line 169 in file RTE/Device/XMC1100-T038x0064/startup_XMC1100.s
Comment: SystemInit used once
__main 00000000

Symbol: __main
   Definitions
      At line 152 in file RTE/Device/XMC1100-T038x0064/startup_XMC1100.s
   Uses
      At line 171 in file RTE/Device/XMC1100-T038x0064/startup_XMC1100.s
Comment: __main used once
__use_two_region_memory 00000000

Symbol: __use_two_region_memory
   Definitions
      At line 242 in file RTE/Device/XMC1100-T038x0064/startup_XMC1100.s
   Uses
      None
Comment: __use_two_region_memory unused
4 symbols
389 symbols in table
